@meaglemp
Excellent analysis of Torygraph letter from small business "owners" What a misleading shambles it turns out to be. https://t.co/QRFkSo7tVy Mon Apr 27 21:15:10 BST 2015
.@UKLabour pledges for this election. #VoteLabour http://t.co/swPYOLDVqZ Mon Apr 27 20:51:55 BST 2015
.@UKLabour will ensure people can have a decent home of their own. #VoteLabour http://t.co/TXNguPrJ6K Mon Apr 27 17:47:56 BST 2015
MT@SLATUKIP: Purple Rain blog: Wallasey UKIP Candidate Exposed http://t.co/9iflFHdvnq”> Appalling if true Mon Apr 27 07:37:22 BST 2015
Very impressive performance from @Ed_Miliband on #Marr - Britain's next Prime Minister #VoteLabour http://t.co/G7CI9UmMKD Sun Apr 26 09:52:46 BST 2015
Tories seem to have shifted all their attention to claiming a @UKLabour Govt would be somehow illegitimate #Losers Sun Apr 26 09:31:35 BST 2015
@MichaelCameron1 - that I cannot believe! Sat Apr 25 22:46:48 BST 2015
@MichaelCameron1 - yeah! You've grown an un civil service like beard. (Thanks for good wishes!) Sat Apr 25 22:42:10 BST 2015
@kopitedave - Good man! #VoteLabour Sat Apr 25 22:36:54 BST 2015
@kopitedave - No! Sat Apr 25 22:35:59 BST 2015
@kopitedave - don't say it! Voting #Labour is enough! Sat Apr 25 22:33:38 BST 2015
@enttruth @campbellclaret @BurnleyOfficial - If speechwriter had written Burnley, he would have said that! Sat Apr 25 22:32:40 BST 2015
@enttruth @campbellclaret @BurnleyOfficial always read speech at least once before you actually give speech! Sat Apr 25 22:30:16 BST 2015
@1stpastdpost - Yes. Angela. She's brilliant. Sat Apr 25 22:15:39 BST 2015
@kopitedave - not a Villa fan, whatever else he is... Sat Apr 25 22:14:29 BST 2015
What happened with Cam "brain fade"? He was reading speech for1st time & speechwriter put "West Ham" instead of "Aston Villa" He read it out Sat Apr 25 22:11:55 BST 2015
@kopitedave - but you never can, can you? Sat Apr 25 13:45:03 BST 2015
@TonyCalder3 - That is not an opinion, it is anti-Semitic prejudice. You should be ashamed of yourself. Fri Apr 24 11:50:51 BST 2015
@TonyCalder3 @labourpress @UKLabour - This is anti-Semitic. Please reconsider how you are expressing yourself. Fri Apr 24 11:46:16 BST 2015
Tories cut 800 @MerseyPolice & crime rises. Yet Tories plan even more extreme cuts if they win. http://t.co/WdZTK0OdnU #toryfail #VoteLabour Thu Apr 23 18:18:39 BST 2015
Lots of requests from kids for balloons & from parents for #VoteLabour posters at Stocktonwood school earlier today http://t.co/LN1EWWtYMk Thu Apr 23 18:13:23 BST 2015
Another glorious day out on the #LabourDooorstep in @GarstonHalewood with @noggsy2 Mary Ras @CllrGarySee http://t.co/flAc5lAoOV Wed Apr 22 20:28:44 BST 2015
Dear me. Massive #toryfail http://t.co/TlHwYZlblU Wed Apr 22 20:19:23 BST 2015
LIbDemTory Govt have a disgraceful record on #foodbanks which they will not address http://t.co/38ywjvMx9K Wed Apr 22 15:36:26 BST 2015
Me on the outrage of people having to rely on #FoodBanks in the 6th richest country in the world #LibDemToryfail http://t.co/AOwXW5huB2 Wed Apr 22 12:12:19 BST 2015
For those who believe a block of SNP MPs could block a @UKLabour budget - they couldn't. https://t.co/IsBZfvWj4R Wed Apr 22 12:10:08 BST 2015
Here's @UKLabour better plan for #NHS (while PM stoops to nonstop scaremongering coz he's got nothing +ve to say) http://t.co/xzMvSDBTAA Tue Apr 21 22:02:21 BST 2015
Wonderful pioneering sister @angelaeagle launches our #lgbtmanifesto I'm backing it! (Pic from @SebDance)  http://t.co/AQgTwmbLip Tue Apr 21 21:58:59 BST 2015
We need an emergency recruitment drive to get 1,000 extra nurses into training. Now. http://t.co/BGcRRHHCbD http://t.co/85xGBc2EzT Tue Apr 21 21:45:49 BST 2015
Labour have a serious plan for the future - rescuing #NHS - PM stoops to fearmongering smears that threaten UK unity http://t.co/X3mCeUIosm Tue Apr 21 21:43:34 BST 2015
PMs desperate smear tactics about Lab demeans his office & risks unity of UK, @Ed_Miliband wants to rescue #NHS http://t.co/DhvCseJpkL Tue Apr 21 20:25:08 BST 2015
As Tories desperate smear tactics about Lab demeans his office & risks unity of UK, @Ed_Miliband wants to rescue #NHS http://t.co/DhvCseJpkL Tue Apr 21 20:17:44 BST 2015
Our #NHS has been forced into crisis by LIBDEMTory policies. @Ed_Miliband & @UKLabour has a rescue plan. #VoteLabour http://t.co/mQU4OuysPV Tue Apr 21 20:02:42 BST 2015
.@UKLabour & @Ed_Miliband will rescue our #NHS from LibDemTory destruction #VoteLabour http://t.co/Nk2m0nvu5G Tue Apr 21 20:00:56 BST 2015
With team out on #LabourDooorstep this evening in Halewood. Lovely warm day - matched by warm response for @UKLabour http://t.co/ohFso9D2am Tue Apr 21 19:30:49 BST 2015
Out in Halewood this evening, met some young people very interested in politics. They wanted votes at 16! #GE2015 http://t.co/1gYleIlgbt Tue Apr 21 19:27:53 BST 2015
@kevpeel @CarolineFlintMP @fperraudin - well what do you expect from them? Tue Apr 21 17:01:01 BST 2015
@DavidJFoy - great! I sent mine back too, that's three! Tue Apr 21 13:23:25 BST 2015
With @MGreenwoodWW in Wirral West for sunny very positive #LabourDooorstep let's defeat Esther McVey! #VoteLabour http://t.co/PssYeExXpw Tue Apr 21 13:22:39 BST 2015
Postal votes arriving in Liverpool for #GE2015 Send yours back straight away! #VoteLabour http://t.co/qU2dZZ0Mnx Tue Apr 21 09:37:53 BST 2015
Excellent Garston & Halewood hustings at St Peters Church Woolton last night #GE2015 #UKIP didn't turn up. http://t.co/djE9ZXbpnf Mon Apr 20 18:39:16 BST 2015
Great to meet @JoshFG & landlady of The White Swan in Hebden Bridge, Liz Wood. Pub may not survive more #flooding http://t.co/b9zugL95k1 Mon Apr 20 17:45:57 BST 2015
@martyn_amos - Yep, Hebden is what I meant! I too hate spelling mistakes! Mon Apr 20 17:45:06 BST 2015
Today is the LAST day to REGISTER TO VOTE! Don't lose your voice! If you haven't registered, do so now! It's easy. https://t.co/Iw4ePOFfyM Mon Apr 20 10:04:26 BST 2015
Nine years after Cameron hugged a huskie, here's @UKLabour #greenplan launched by @CarolineFlintMP & I via @guardian http://t.co/IjNC6V4s3l Mon Apr 20 09:46:14 BST 2015
@TheConversative ?? What on earth are you talking about? I haven't said anything to anybody about Lithuania Sun Apr 19 17:18:32 BST 2015
.@stevenieve on #Marr Sounds better than PM did Sun Apr 19 09:56:40 BST 2015
Usual nonsense from PM about #foodbanks - saying increase from 41000 to 1 million due to advertising them 60% due to benefit sanction/delay Sun Apr 19 09:49:08 BST 2015
@agricontract - Better than it was! The honey & lemon was instrumental! Sat Apr 18 20:38:21 BST 2015
Down at the Hunts Cross ASDA this morning with @rachael_obyrne @Alexandra_Voce @WillTricker Mary Aspinall et al http://t.co/doRu9lo0Xa Sat Apr 18 18:43:39 BST 2015
Lovely sunny day out on the #LabourDooorstep in East Speke with @Aliceliverpool @CllrClaire et al. Great reaction too http://t.co/c3ma6CzhOl Sat Apr 18 17:27:33 BST 2015
The only way to be sure of getting a Labour Government is to #VoteLabour Excellent piece http://t.co/RUuiP7FoOn Sat Apr 18 11:21:46 BST 2015
The truth: To get rid of the Tories, you have to #VoteLabour - in Scotland, England and Wales http://t.co/yDwaW5q4qo Fri Apr 17 17:24:50 BST 2015
Hague pretending Cameron wasn't invited - ridiculous! Cameron ran away from this debate #ChickenDave Thu Apr 16 21:39:44 BST 2015
.@Ed_Miliband finishes with a challenge to chicken Dave "debate me - one on one" Ed won. Only alternative PM Thu Apr 16 21:30:21 BST 2015
Mistake from Tories to hide chicken Dave away from this debate - he is the clear loser tonight #BBCDebate Thu Apr 16 21:26:11 BST 2015
Why Cameron won't debate - immigration is rising, not falling - it's higher than in May 2010 and the Tories' target is in tatters. Thu Apr 16 21:05:11 BST 2015
.@Ed_Miliband "The first duty of a Prime Minister is to keep our country safe." Thu Apr 16 20:47:35 BST 2015
Farage seems to have lost it - attacking audience - not sensible #bbbcdebate Thu Apr 16 20:35:09 BST 2015
A vote for the #SNP risks another Tory Govt. Must #VoteLabour to kick out the Tories. Thu Apr 16 20:24:38 BST 2015
@Ed_Miliband "The real danger for this country is from a re-elected David Cameron who will double the spending cuts". Thu Apr 16 20:21:39 BST 2015
At the last election SNP said 
vote Lib Dem. What happened next was Scotland and UK got a Tory Govt #VoteLabour to get rid of Tories Thu Apr 16 20:20:42 BST 2015
Ukip is backing Cameron Farage backs Tories' extreme spending plans - experts say this means a "sharp 
acceleration" in cuts. Thu Apr 16 20:18:21 BST 2015
.@UKLabour will balance the books fairly whilst safeguarding the NHS. http://t.co/bAsx01mgM3 Thu Apr 16 20:17:06 BST 2015
No wonder chicken Dave has refused to turn up tonight #VoteLabour http://t.co/iNa1LSO4JU Thu Apr 16 19:31:56 BST 2015
Time running out to register to vote. You can register here http://t.co/3VAbHt1plP Make sure you have your say. Deadline is 20 April #GE2015 Thu Apr 16 11:37:53 BST 2015
Chicken Dave wants to spin at debate without being in debate! People know he's frightened of @Ed_Miliband #VoteLabour http://t.co/GmRTExKwhr Thu Apr 16 11:13:20 BST 2015
We can't take five more years of this - No wonder Cameron & Clegg don't want to debate their record tonight https://t.co/M6aaYhsR34 Thu Apr 16 10:50:29 BST 2015
Moving commemoration of those lost at #Hillsborough 26 years ago today. Thinking of all @HFSG_Official @HJC_Official http://t.co/YYMtVtNT7V Wed Apr 15 18:06:43 BST 2015
On my way home from #GE2015 campaigning in London to attend #Hillsborough memorial today. #JFT96 #YNWA http://t.co/Vo8c6pdkfE Wed Apr 15 07:51:15 BST 2015
Only @UKLabour will defend the Hunting ban and protect animals #VoteLabour #GE2015 http://t.co/YYwkag6WjX Tue Apr 14 13:25:22 BST 2015
No one will believe Tory unfunded spending promises. Over £21 billion this week! #VoteLabour #GE2015 http://t.co/zrcM2WldjR Tue Apr 14 12:10:14 BST 2015
For those asking me for a copy of #LabourManifesto - Here is a link! #VoteLabour http://t.co/2uf9rW29vW Mon Apr 13 13:39:40 BST 2015
.@Ed_Miliband on fantastic firm at the launch of @UKLabour manifesto today. Britain can be better #VoteLabour http://t.co/MNqwtBhR6A Mon Apr 13 12:35:00 BST 2015
Looking forward to the launch of @UKLabour manifesto for #GE2015 #VoteLabour http://t.co/dgqlQkPvPn Mon Apr 13 09:31:11 BST 2015
Off to the @UKLabour launch of the manifesto - with @Ed_Miliband & Shadow Cabinet colleagues http://t.co/DtahevWK3f Mon Apr 13 08:59:32 BST 2015
Hurricane type winds in Halewood on #LabourDooorstep But a very warm reception http://t.co/Rzo5zKEYao Sun Apr 12 14:49:22 BST 2015
Tories unfunded NHS spending plans: No-one believes them https://t.co/I42uRt5f9S Sat Apr 11 16:15:08 BST 2015
@gerarddean1 - course. What help do you need? DM me or email at mariaeagle2015@gmail.com Fri Apr 10 19:37:51 BST 2015
Don't let Tory personal attacks on @Ed_Miliband mean you forget @UKLabour will abolish non-dom status https://t.co/F6ZcGdVeXp Fri Apr 10 19:27:32 BST 2015
Tory Party is the political wing of the tax avoidance industry http://t.co/19oqANKuJE Fri Apr 10 19:06:22 BST 2015
Tory leaders provoke the same reaction wherever they are in the world it seems. http://t.co/sY34VBAzFE Fri Apr 10 18:49:09 BST 2015
Register to vote in the most important election for years. @SadiqKhan explains how https://t.co/3tVG926eEs Fri Apr 10 18:44:44 BST 2015
Clear that Tory vote is soft in Harrow East thanks to hard work of @HarrowEastLab & @Uma_Kumaran #VoteLabour http://t.co/z0gApDBgAj Thu Apr 09 16:49:59 BST 2015
Tories smear on @UKLabour & despicable personal attack on @Ed_Miliband re #Trident shows how little they have to offer Britain #VoteLabour Thu Apr 09 08:08:14 BST 2015
With the great John Grogan of @KeighleyLabour & hardworking @jamiehanley of @PudseyLabour in Yorks today! #VoteLab15 http://t.co/UVyE8MFa3u Wed Apr 08 19:16:59 BST 2015
If Tories have edited this interview to mislead voters, it is outrageous that they think they can get away with it. http://t.co/YznM7DcYLw Wed Apr 08 17:48:05 BST 2015
Let's put a stop to this unfair tax advantage for some of the very richest. Non-dom rules will go under Labour http://t.co/uYKiHet0aQ Wed Apr 08 17:09:54 BST 2015
Out supporting @jamiehanley to win in Pudsey Very positive reaction in Farsley. Lovely sunny Yorkshire! #VoteLab15 http://t.co/iXRR2S27H9 Wed Apr 08 14:59:14 BST 2015
John Grogan & I after a hilly, sunny #LabourDooorstep in Ilkley for @KeighleyLabour #VoteLab15 http://t.co/90tYhQQUYr Wed Apr 08 13:16:16 BST 2015
Get a move on @KeighleyLabour ! I'm all the way up the hill! Great scenery & great reaction for John Grogan in Ilkley http://t.co/Jszy8ND03W Wed Apr 08 13:13:17 BST 2015
Off to help John Grogan @KeighleyLabour today. Excellent announcement on fair tax policy by @Ed_Miliband http://t.co/uegUmk70MY Wed Apr 08 09:48:59 BST 2015
Tories are preparing to do a deal with UKIP #moreTorythantheTories #votelabour http://t.co/tbhZ9PCdRI Tue Apr 07 16:09:13 BST 2015
With @catkinson80 & Richard at Moo-Haven Rescue. They've rescued 48 ponies in 3 years & successfully re-homed many http://t.co/6iRepYoahA Tue Apr 07 12:41:58 BST 2015
RETWEET: It’s harder to see your GP now than it was in 2010. Labour’s got a better plan: http://t.co/X0pfWBokRd  
https://t.co/YyZjJltJcS Tue Apr 07 09:11:18 BST 2015
David Cameron promised better access to your GP. Then cut Labour’s scheme for evening and weekend opening.
https://t.co/Kq5WEfOhbV Tue Apr 07 09:10:22 BST 2015
Pretty murky at Liverpool South Parkway this morning. Hope there's sunshine at @catkinson80 campaign HQ http://t.co/gXFhQelD60 Tue Apr 07 09:00:45 BST 2015
NW schools pay £16m more in water charges than schools in SE despite our Councils being hardest hit by Govt cuts  http://t.co/VCRmhfgXTp Mon Apr 06 15:30:22 BST 2015
Out this fine morning in sunny Speke, getting a great reception on #LabourDooorstep with @mrshinnigan Mary Ras et al http://t.co/glENHgasyH Mon Apr 06 15:12:11 BST 2015
@MaryWimbury @AberconwyLabour @Providero - nice coffee! Sat Apr 04 21:34:27 BST 2015
Out with @MaryWimbury & @aberconwyLabour in the sunshine. Good response on the #labourdoorstep http://t.co/v7MC9X4es0 Sat Apr 04 12:06:07 BST 2015
@stu_the_student - Thanks! Weather is lovely. Always a good start! Sat Apr 04 09:26:05 BST 2015
MT@campbellclaret Sturgeon-Tel is spinning, but truth is SNP & Tories share pro-SNP agenda http://t.co/rT3Zpqxh9S>Excellent analysis Sat Apr 04 09:23:34 BST 2015
@stu_the_student - that would have been easier than the three changes of train! Sat Apr 04 09:07:49 BST 2015
@magendrag - why do you say this? I am already following legal advice, rules & guidance. Sat Apr 04 09:06:41 BST 2015
On my way to Llandudno to help the wonderful @MaryWimbury Lovely views out of train window http://t.co/wp28jBrOCs Sat Apr 04 08:52:43 BST 2015
@magendrag - disclaimer makes that clear. I am following the law, rules & guidance re Twitter handles, as I hope, are all ex-MPs. Sat Apr 04 08:44:11 BST 2015
Britain can do so much better than the last five years. @Ed_Miliband from the #leadersdabate last night #VoteLabour http://t.co/uaPBBFj0l7 Fri Apr 03 09:03:33 BST 2015
Ed won. He took David Cameron apart on his failure on NHS – from A&E to tents erected in hospital car parks. #leaadersdebate Thu Apr 02 22:30:21 BST 2015
.@Ed_Miliband showed millions of viewers tonight there may have been 7 leaders on stage but there's only one alternative PM #leadersdebate Thu Apr 02 21:54:43 BST 2015
.@Ed_Miliband - Plan for a fair deal on housing. Cap rent rises and get houses built. #leaadersdebate Thu Apr 02 21:45:45 BST 2015
Clegg says trebling tuition fees to £9000 "next best thing" to his policy which was abolishing them. Gobsmacking #leadersdabate Thu Apr 02 21:34:07 BST 2015
Tory record on next generation: tuition fees trebled, apprenticeships for young people fell last year, housebuilding lowest level since 20s Thu Apr 02 21:29:51 BST 2015
.@Ed_Miliband Labour will ban exploitative zero hours contracts and make work pay again. Thu Apr 02 21:22:31 BST 2015
David Cameron broke promise to get net migration down to the tens of thousands. It's up on 2010 figures. Labour will control immigration. Thu Apr 02 21:07:40 BST 2015
.@Ed_Miliband - directly speaking to10m voters with passionate case 4 Labour's better plan. Seven people on stage - only one alternative PM Thu Apr 02 21:05:30 BST 2015
PM losing - won't defend and out of touch 
on extreme spending cuts. Totally silent on NHS - can't defend record and no plan for future. Thu Apr 02 21:02:46 BST 2015
No one will take David Cameron's NHS promises seriously. He's broken them once and he'll break them again. #leadersdabate Thu Apr 02 20:49:52 BST 2015
Labour will guarantee GP appointments within 48 hours #leadersdebate http://t.co/OMQulRvtAs Thu Apr 02 20:47:00 BST 2015
Nigel Farage says he believes in the NHS. The truth is he wants to privatise it. http://t.co/AKH7euu7AI Thu Apr 02 20:38:16 BST 2015
PM misleading - his spending plans are extreme. IFS says his cuts are "twice the size of any cuts over last Parliament." Thu Apr 02 20:31:06 BST 2015
Tories won't act on billion pound tax avoidance by hedge funds whatever PM says - They've taken £55m in donations from hedge funds. Thu Apr 02 20:21:55 BST 2015
Clegg attacks Cam to try & pretend he's not been in the Govt for the last 5 years! http://t.co/rGJZGp9spE Thu Apr 02 20:19:25 BST 2015
.@Ed_Miliband "We'll cut the deficit every year, but we'll do it in a fair way." Thu Apr 02 20:17:19 BST 2015
.@Ed_Miliband opening words: "Here's what I believe: Britain succeeds when working people succeed." Thu Apr 02 20:11:31 BST 2015
PM says he's fixed the economy but 
working people are £1600 a year worse off under him. He's out of touch. #leadersdabate Thu Apr 02 20:09:59 BST 2015
7people on stage, but only 1 choice - between the Tories' failing record and Labour's better plan for working families #leadersdabate Thu Apr 02 20:04:14 BST 2015
Excellent Party Political Broadcast from @UKLabour - shown tonight. Labour's values will win this election! https://t.co/h45fSe6URw Tue Mar 31 21:54:24 BST 2015
QT@Telfordlabour: David Wright welcomes @meaglemp to @TelfordSupport Community Store and thanks local volunteers http://t.co/Yj5GylKXuS” Tue Mar 31 17:55:30 BST 2015
Freezing hail & windswept time spent on the #labourdoorstep in Cannock Chase. Warm reception for @JanosToth1 though! http://t.co/9G6eVV6WgV Tue Mar 31 17:53:48 BST 2015
Visiting #foodbank in Telford Community centre with David Wright. 10,000 people helped last year #VoteLabour http://t.co/EIIjH1Iaib Tue Mar 31 13:53:56 BST 2015
Panicking Tories are making up the figures again... http://t.co/fkk80DRklN Mon Mar 30 18:17:46 BST 2015
Good session out on the #labourdoorstep with @CateySmith in Lancaster and Fleetwood this afternoon #winNW15 http://t.co/GmcVG8dE6A Mon Mar 30 14:49:22 BST 2015
Great to be supporting @Amina_Lone in Morecambe and Lunsdale today #winNW15 http://t.co/QTWJygsdQQ Mon Mar 30 14:47:22 BST 2015
@RuncornDon @UKLabour @Aliceliverpool @Alexandra_Voce - not today. Round roads off Okell Drive today #flyingstart http://t.co/j0SmmlItja Sun Mar 29 16:30:12 BST 2015
@mikethecraigy @UKLabour @Aliceliverpool @Alexandra_Voce - No! A bit soggy from the rain maybe... Sun Mar 29 15:46:16 BST 2015
Out in Halewood on #labourdoorstep with @Aliceliverpool @Alexandra_Voce Mary & Tom. Wet weather but great reception http://t.co/PcaMUiGLul Sun Mar 29 14:15:13 BST 2015
Just out with @JuliaTickridge on the #labourdoorstep in #Weavervale #labourdoorstep #winNW15 http://t.co/yukPLKVJJ0 Sat Mar 28 12:18:45 GMT 2015
At the 100th @google juice bar down in South Liverpool to help local businesses improve online presence http://t.co/lk5lplKJey Fri Mar 27 10:32:30 GMT 2015
Clear win for @Ed_Miliband #Ed4PM #BattleForNumber10 Thu Mar 26 22:28:28 GMT 2015
.@Ed_Miliband coming across well I think #BattleForNumber10 Thu Mar 26 22:24:33 GMT 2015
Much more detail and less waffle from @Ed_Miliband than from david Cameron #BattleForNumber10 Thu Mar 26 21:52:59 GMT 2015
Read in the papers today that PM hadn't rehearsed for tonight - I wonder if he wishes he had? #AskCameron Thu Mar 26 21:15:47 GMT 2015
PM squirming when asked about massive rise in #foodbanks on his watch #AskCameron Thu Mar 26 21:03:48 GMT 2015
@johnfairbanks - No. It allows MPs to say one thing and do another & stops their constituents knowing what they've done. Thu Mar 26 18:03:39 GMT 2015
@johnfairbanks - I don't agree. Parliament has to be transparent. MPs constituents have a right to know what is going on. Secrecy stops that Thu Mar 26 17:55:55 GMT 2015
@johnfairbanks - Some are, some aren't. Speakership is different. Speaker has to uphold rights of backbenchers, not be controlled by Govt. Thu Mar 26 17:54:02 GMT 2015
@johnfairbanks - why don't MPs have them for ALL votes then? MPs have to stand up and be counted with publicly recorded votes all the time. Thu Mar 26 17:48:27 GMT 2015
@johnfairbanks @John_Cooper_QC @WeDemandUk - How do you defend a #TawdryTories manoeuvre by Govt to stitch up control of speakership? Thu Mar 26 17:44:26 GMT 2015
.@Conorpope @LabourList @GloriaDePiero - We all were, that such a lowdown tawdry manoeuvre was so soundly defeated #TawdryTories Thu Mar 26 17:21:15 GMT 2015
MT@tomwilson23: #Gove must surely go down as one of Westminster's worst Chief Whips!> Yep! useless for someone who thinks he's so clever. Thu Mar 26 17:18:01 GMT 2015
@Conorpope @LabourList @GloriaDePiero - and he was whip who counted & announced Govt defeat on last vote in 2010 Parliament. Thu Mar 26 15:36:32 GMT 2015
Glad that tawdry Tories manoeuvre to turn speakership into a bauble to be handed to a friend soundly defeated on last day of 2010 Parliament Thu Mar 26 15:32:31 GMT 2015
.@UKLabour announces new plan to tackle huge rise in #foodbank use http://t.co/xfLFrsfdNm Wed Mar 25 07:52:39 GMT 2015
Tories refuse to collect stats on reasons for huge rise in #foodbank use, then deny it's their policies that cause it http://t.co/AmlGgaMyWK Wed Mar 25 07:44:04 GMT 2015
Every Tory Govt in last 40 years raised VAT (even when they said they wouldn't) @UKLabour won't raise VAT #GE2015 http://t.co/O8MbhIe5OZ Tue Mar 24 14:06:07 GMT 2015
2/2 To find out more please contact my office on 0151 448 1191 or register for the event online at https://t.co/LCqRbFpZAN Mon Mar 23 07:41:00 GMT 2015
1/2 On Friday I'm hosting a free @Google seminar for businesses in Garston & Halewood on how to use the internet effectively to drive growth Mon Mar 23 07:40:53 GMT 2015
Out with the @GarstonHalewood team in th lovely south Liverpool sunshine! #VoteLabour http://t.co/ZQRxsf9asQ Sat Mar 21 13:44:47 GMT 2015
Presenting a cheque to @HalewoodAcademy from @FootballFoundtn for the new goals - saw bar hit four times in 5 mins! http://t.co/qmUVg704WU Fri Mar 20 16:36:20 GMT 2015
Next time, they'll cut to the bone. The NHS can't afford the Tory cuts plan http://t.co/Ljqm3O4YHS Fri Mar 20 12:59:30 GMT 2015
"So, tell me what you like about your school breakfast club?" The food & extra playtime the answer at Garston CofE http://t.co/ljy5tp885q Fri Mar 20 09:16:54 GMT 2015
Doing #thebigpedal with Garston CofE kids  at their breakfast club making a smoothie with pedal power & @SustransNW http://t.co/1QSFmhQrae Fri Mar 20 09:09:05 GMT 2015
RPA problems with IT system "Defra was unavailable for comment.." #chaos http://t.co/4sR4feOMlM Thu Mar 19 18:16:52 GMT 2015
People earning less at end of this Parliament than at beginning thanks to LibDemTories #Budget2015 #onlyforthefew http://t.co/inK3PYRgAZ Wed Mar 18 18:59:30 GMT 2015
Tories planning extreme cuts after the election that will put our #NHS at risk #Budget2015 #onlyforthefew http://t.co/F2H0M6kc7X Wed Mar 18 18:56:10 GMT 2015
Tax and benefit changes under LibDemTories mean households £1,127 a year worse off on average - says IFS http://t.co/eS7D2qlPKo. Wed Mar 18 08:42:10 GMT 2015
With @Jessica_Asato & @labourlewis at News recycling. Very impressive operation! http://t.co/X42xD2fddg Mon Mar 16 16:18:32 GMT 2015
Out with @lara_norris & some of her fab volunteers on the #labourdoorstep in Great Yarmouth http://t.co/0Wdc6OXGTc Mon Mar 16 12:59:46 GMT 2015
On my way to see @lara_norris in Great Yarmouth & @Jessica_Asato in Norwich North today #GE2015 #VoteLabour http://t.co/UeCRII9NP4 Mon Mar 16 09:19:22 GMT 2015
.@UKLabour & @Ed_Miliband 5 pledges for #GE2015 unveiled at Spring meeting in Birmingham today #VoteLabour http://t.co/PL9sS7ehXn Sat Mar 14 14:01:24 GMT 2015
The Britain I believe in is one where we prosper together not one where we are driven apart #VoteLabour http://t.co/1dTE4pwMJy Sat Mar 14 12:31:54 GMT 2015
The Britain I believe is one where hard work is rewarded #VoteLabour http://t.co/wGRf1hL2fo Sat Mar 14 12:29:38 GMT 2015
.Shaundooley on why we should #VoteLabour in #GE2015 http://t.co/nnsJakTlBz Sat Mar 14 12:23:34 GMT 2015
"It would be the pleasure of my life to see Cameron take a dive. Keep your mitts off our #NHS" says @Harryslaststand http://t.co/9s8IfvF5nQ Sat Mar 14 12:17:23 GMT 2015
.@Harryslaststand  on the screen! Let's get rid of the Tories! In 1945 we set up the #NHS Lets save it!" #voteLabour http://t.co/y7Ya4LvFrE Sat Mar 14 12:14:49 GMT 2015
Alicia has cystic fibrosis & had a double lung transplant when she was 15. #VoteLabour for our #NHS She is 19 now http://t.co/ZLUsDdl1S1 Sat Mar 14 12:07:34 GMT 2015
Wendy - she is our future but can only get zero hours & agency work. She's applied for thousands of jobs #VoteLabour http://t.co/7lMkgbtssb Sat Mar 14 12:03:00 GMT 2015
Simon on Labour's strong record on supporting business. Leaving EU would be a disaster for Britain #VoteLabour http://t.co/rdMW8v7mAk Sat Mar 14 11:56:04 GMT 2015
Norman on how bad exploitative zero hours contracts are from employers view. Can't grow econ on 0hrs #votelabour http://t.co/0nRbZxPxE3 Sat Mar 14 11:53:19 GMT 2015
Britain only succeeds when working people succeed. Elaine on importance of living wage #VoteLabour http://t.co/MPdKynqks6 Sat Mar 14 11:47:50 GMT 2015
Great discussions on cost of living crisis this morning @UKLabour event in Birmingham #VoteLabour http://t.co/EYPfTM5IOW Sat Mar 14 11:33:37 GMT 2015
A better plan. A better future #VoteLabour http://t.co/6GaMmlnR3D Sat Mar 14 08:55:53 GMT 2015
On my way to @UK_Labour spring conference event in Birmingham  #Votelabour Sat Mar 14 07:45:20 GMT 2015
AG's warning about risk of prejudicing #Hillsborough inquests by expressing opinions on evidence given in proceedings http://t.co/AzmslRroEN Thu Mar 12 14:47:59 GMT 2015
Farming Minister has no 'Plan B' to help farmers struggling with BPS online system with deadline of 15 May fast approaching #DefraPQs Thu Mar 12 09:57:19 GMT 2015
After 26 years #Duckenfield admits he lied & made mistakes @guardian front page @david_conn #Hillsborough #JFT96 http://t.co/28i1v9cpl9 Wed Mar 11 22:52:12 GMT 2015
@jones22_mary - glad to have been able to get there. Nice to meet you. Wed Mar 11 22:33:43 GMT 2015
@SamLovesLfc - I expect he will be asked to give evidence but I don't know that for sure. Wed Mar 11 19:43:04 GMT 2015
Important evidence from match commander #Duckenfield at #Hillsborough inquests. #JFT96 http://t.co/DplwclckPo Wed Mar 11 19:37:28 GMT 2015
Important evidence in @Hboroinquests http://t.co/A5PJNQTDav Wed Mar 11 17:51:45 GMT 2015
#RIP Sarah Phippard. We will all miss you in South Liverpool. A lovely person, a great civil servant & Labour member http://t.co/hO2eIidTB2 Wed Mar 11 17:26:25 GMT 2015
@meaglemp: Govt has totally failed to get to grips with the impact of #climatechange My response to EAC report http://t.co/xwzB0XUErk Wed Mar 11 08:28:14 GMT 2015
Out with @sarahsackman & @SadiqKhan campaigning in Finchley & Golders Green #labourdoorstep #GE2015 http://t.co/t5gTbfzYLd Mon Mar 09 16:38:59 GMT 2015
Today is start of National Apprenticeship Week - established by Labour in govt in 2008 #NAW2015 http://t.co/qgmkUK0dtt Mon Mar 09 08:54:11 GMT 2015
@morosychristios - It was Callaghan who dropped her from cabinet in 1976. I was not happy! Sun Mar 08 19:04:33 GMT 2015
What a heroine! #InspiredBy Barbara Castle #IWD2015 http://t.co/4HDycVL4GQ Sun Mar 08 18:38:39 GMT 2015
How to mark #IWD2015 by @GloriaDePiero http://t.co/s4EdZApacT Sun Mar 08 15:44:32 GMT 2015
While I was doing advice surgery, excellent team out on #labourdoorstep in @GarstonHalewood Thanks @Alexandra_Voce http://t.co/aAnXh9jh2X Sat Mar 07 16:50:26 GMT 2015
Only @UKLabour will defend the Hunting Act.http://t.co/n3ZisLdHAu Sat Mar 07 09:11:18 GMT 2015
I'll be visiting @StJulies in Woolton later to talk to Sixth Form students about women in politics and how we can #MakeItHappen #IWD2015 Fri Mar 06 12:53:08 GMT 2015
@grumpyboy @labourtransport - @SteveRotheramMP Bill is there but will run out of time coz dissolution Parliament 30/3/15 So, after election! Fri Mar 06 09:45:12 GMT 2015
@grumpyboy @labourtransport - Good. thanks! Fri Mar 06 09:39:04 GMT 2015
@grumpyboy @labourtransport - We had forensic tyre expert who said he's seen lots of cases resulting in deaths. They still said no change! Fri Mar 06 09:37:48 GMT 2015
@grumpyboy @labourtransport - Said there wasn't enough evidence of problem but they don't collect it! (1/2) Fri Mar 06 09:36:45 GMT 2015
@grumpyboy @labourtransport - yes Govt refused to do it. I took bereaved mum to ask them.Tyre was older than her son who died in coach crash Fri Mar 06 09:22:56 GMT 2015
Well done @MichaelDugher @MolloyFrances @SteveRotheramMP Labour proposes 10yr age limit on bus & coach tyres 
 http://t.co/QPw2joQcwp Fri Mar 06 08:44:03 GMT 2015
“@labourtransport: Labour proposes 10-year age limit on public service transport tyres http://t.co/QPw2joQcwp”> Great! Will save lives! Fri Mar 06 08:36:55 GMT 2015
50 worst air pollution spots all in London:  @UKLabour would give councils powers to clean it up. Govt done nothing.
http://t.co/5fHUdF2JK9 Thu Mar 05 19:42:05 GMT 2015
@TheJoshuaLovell @IrrancaDaviesMP - Nice to meet you too. thanks for all your help today! Thu Mar 05 17:12:04 GMT 2015
@StanoInnit - if tomorrow inconvenient, Sat 10-12 at STEC Speke Boulevard. Thu Mar 05 15:51:22 GMT 2015
@StanoInnit - tomorrow 5pm Lee Valley Millenium Centre, Childwall Valley Rd. Should be on website. I'll check Thu Mar 05 15:29:02 GMT 2015
With Roland Watkins @Calumhiggins & @IrrancaDaviesMP  at @CwmcerrigFarm - Lovely slap up lunch. Worth a visit! http://t.co/XE08tsfcTV Thu Mar 05 15:27:06 GMT 2015
With @calumhiggins & @IrrancaDaviesMP in cefneithin on the #labourdoorstep  #4millionconversations #GE2015 http://t.co/sBKyYcH9nl Thu Mar 05 15:21:48 GMT 2015
Happy #WBD2015 - I'll be visiting Banks Road Primary School in Garston tomorrow to celebrate #reading #books with pupils @WorldBookDayUK Thu Mar 05 10:22:14 GMT 2015
Millions of families are still waiting for David Cameron to act on rip-off energy firms. He won't, @UKLabour will: http://t.co/nqtX3GOoqi Thu Mar 05 09:28:47 GMT 2015
XX,meaglemp,Maria Eagle ,216,25,16
