@Mike_Fabricant
.@nicknackpaddymc Unfortunately, some with autism don't appear to be bright to the 'uneducated'. We need to educate the public about this. Mon Apr 27 18:03:27 BST 2015
"@grumpyboy @adamunicycle did you have a go on his Unicycle? :)" < I heard about it! But with stitches in me, I didn't think it a good idea! Mon Apr 27 17:50:10 BST 2015
Just as people now understand that bright ppl can have dyslexia, we need to educate people that autism + aspergers can affect bright ppl too Mon Apr 27 17:48:28 BST 2015
.@LordCornelius Don't agree with that.  And that certainly does NOT apply to @adamunicycle who is incredibly bright. Mon Apr 27 17:40:06 BST 2015
It was fascinating and valuable insight sitting in on GP surgeries in Lichfield last Friday.  #NHS http://t.co/PnvmK4rGWl Mon Apr 27 17:38:24 BST 2015
.@adamunicycle And 'learning difficulties' can apply to students with extremely high intelligence too. We should not forget that! Mon Apr 27 17:33:51 BST 2015
.@adamunicycle And it was a real pleasure meeting YOU, Adam. Mon Apr 27 17:30:55 BST 2015
The BBC2 series 'Sex and the Church' breaks more than a few myths about Christianity. Well worth viewing on iPlayer. Mon Apr 27 14:07:40 BST 2015
Hospital Doctor said to me just now "I'm voting for you. If Labour get in they'll screw up the economy again. Then what'll happen to #NHS?" Mon Apr 27 10:21:34 BST 2015
.@TapeSlide But you see, to keep our #NHS we need a strong economy. Caring about the #NHS is not enough. http://t.co/pnxhWKHbJl Mon Apr 27 09:55:06 BST 2015
But I'll tell you one thing, I can see why they say 'Everyone who's used the #NHS says how brilliant it is and why we must protect it'. Mon Apr 27 09:50:32 BST 2015
I'm on the Conservative battle bus on Wednesday visiting the East Midlands. Hope they've got some beer on board! Mon Apr 27 09:47:46 BST 2015
But the good news is, the most recent skin biopsies were all negative and the one melanoma spotted has not spread. So no by-elections! Mon Apr 27 09:46:32 BST 2015
Back at Queens Burton to have my croaky throat examined. As a friend put it: Getting a 50,000 mile general service from the #NHS Mon Apr 27 09:45:28 BST 2015
The announcements made today! http://t.co/4B21Z80krz Sun Apr 26 20:01:53 BST 2015
Now warming up at home eating Orange Drizzle Cake bought at the Spring Fayre in #Burntwood. Must get the recipe! Sun Apr 26 16:34:30 BST 2015
The @LichfieldScouts were superb today in @LichfieldCath and marching past the High Sheriff, Mayor and me in #Lichfield. Sun Apr 26 16:33:39 BST 2015
.@phinp Ooooops!  I think @WelshConserv meant 'our'! Sun Apr 26 12:04:55 BST 2015
.@gme7 They sure do! @WelshConserv are the 2nd largest Party in Wales and the main opposition on the National Assembly of Wales. Sun Apr 26 12:04:04 BST 2015
.@WelshConserv I will have to make sure I do my shopping at Iceland from now on! Sun Apr 26 11:44:20 BST 2015
Great to see @LichfieldScouts - whom I am meeting shortly - know which way to put it up! (Unlike some TV programmes) http://t.co/WcOONEtaPk Sun Apr 26 11:29:39 BST 2015
@StaffordSport Sadly I can't on Tuesday night.  But thanks for asking me. And all the best for the night's performance! Sun Apr 26 11:05:41 BST 2015
I'll be meeting @LichfieldScouts today who went on #LichVegas to Paris bike ride + others from @UKScouting #Proud http://t.co/MxWy7tQUyO Sun Apr 26 10:58:09 BST 2015
.@MiltMonster @ppbrady12 Wasn't me. It was a mate. But I'll get it framed! Sat Apr 25 23:08:53 BST 2015
Errr.  Embarrassing! Look what a friend has bet on.  Pretty high odds! (And I'm not offering myself. Honest!) http://t.co/xLSiPalLOJ Sat Apr 25 19:55:28 BST 2015
TWANK! â€œ@NcRttr: @Mike_Fabricant I like the shades! Definitely cool!â€ < They are to hide a partially black eye due to a biopsy!!! Sat Apr 25 18:56:36 BST 2015
Thanks to everyone I met in #Burntwood today. Great to get such support and friendship. (And so many selfies!) http://t.co/RWZEyel5Zn Sat Apr 25 18:29:41 BST 2015
#Proud to support @LichfieldScouts and @UKScouting tomorrow and every day. http://t.co/idfvYvNd4B Sat Apr 25 18:07:57 BST 2015
I'll be meeting @LichfieldScouts on Sunday for Parade.  #Proud to support @UKScouting. Young people with a sense of purpose! Sat Apr 25 18:04:54 BST 2015
â€œ@Grandnes: @Mike_Fabricant Did you have a bit of liposuction done at the same time?â€ < Damn! Should have asked! Sat Apr 25 17:54:55 BST 2015
Fantastic campaigning earlier today in #Burntwood.  Yay!!  #GE2015 http://t.co/R9aBgylIKI Sat Apr 25 17:53:44 BST 2015
With Chairman @DLWhitehouse and Deputy Chairman Vince Williams of #Burntwood Business Community at Swan Island. http://t.co/CSrPhn99q1 Sat Apr 25 14:36:48 BST 2015
Thinking of having my fingers painted blue at Baileys in #Burntwood #GE2015 http://t.co/NJ9RdfpY4x Sat Apr 25 14:31:52 BST 2015
Fingernails at Baileys in #Burntwood - the right colour! #GE2015 http://t.co/Z0FHLwPxAV Sat Apr 25 14:29:35 BST 2015
Am being a brave soldier. 16 stitches in two places on my chest, but now don't have to see consultant for several months. #NHS Sat Apr 25 14:09:19 BST 2015
.@FiveSpiresLive Sorry I couldn't be with you all, but the #Burntwood campaign has been in the diary for ages. Sat Apr 25 14:07:55 BST 2015
Brill! It's far better than the real thing!  https://t.co/nxTs48fMAf Sat Apr 25 14:07:08 BST 2015
The spring fayre in #Burntwood library has the most fantastic orange drizzle cake. Stuffed my face! Sat Apr 25 14:06:18 BST 2015
Part of our #Burntwood team - braving stormy weather. #Fab support in Chasetown! http://t.co/46qQqO8qxp Sat Apr 25 14:05:09 BST 2015
Campaigning with a great team in #Burntwood today. http://t.co/wxHEsXgkIq Sat Apr 25 14:03:28 BST 2015
.@ChrisWorsey Very generous of you! Sat Apr 25 09:17:22 BST 2015
.@ChrisWorsey As you know, I was never able to debate today and the organisers knew this. So no more distortions of the truth please! Sat Apr 25 09:02:29 BST 2015
.@ted_morris If you want to catch me today, I shall be in #Burntwood until this evening! Sat Apr 25 08:07:33 BST 2015
.@FiveSpiresLive No not me. The organisers knew I couldn't do this Saturday for ages. I shall be buzzin' in #Burntwood all day. Fri Apr 24 23:29:46 BST 2015
Ridiculous! Ladbrokes have me as 200/1 as next Leader of the Cons Party when Portillo has better odds than me + he's just a train spotter! Fri Apr 24 21:33:37 BST 2015
I wonder if, in a few weeks time, the volcanic eruption in Chile will affect our weather in the UK..... http://t.co/fl3DQqT555 Fri Apr 24 08:15:04 BST 2015
On Thursday night the SNP said they would put Ed M into Downing Street, even if Labour trail the Conservatives by as many as 40 seats. Fri Apr 24 08:07:27 BST 2015
Desperate and unpleasant stuff from Ed Miliband. (The Times) http://t.co/GCrbf66MNv Fri Apr 24 07:50:55 BST 2015
For Ed Miliband to blame @David_Cameron for the death of refugee boat people in the Mediterranean is a pretty nasty & desperate thing to do Fri Apr 24 07:40:24 BST 2015
.@mjcoll_123 @GuidoFawkes And to think that #Bercow wanted her in charge of @HouseofCommons ! Fri Apr 24 07:25:33 BST 2015
I think the guy on the right would make a brilliant new Jeremy Clarkson for Top Gear. (St George's Court today). http://t.co/cPwl3QeEP8 Thu Apr 23 23:05:30 BST 2015
.@Jackandrea95 @LichfieldCW Part of the "problem" is that I am quite popular because I work hard for constituents and am my 'own man'...... Thu Apr 23 22:58:25 BST 2015
.@englishoak Don't tell my mum's family.  They are Welsh! Thu Apr 23 14:38:20 BST 2015
St George's Court in #Lichfield http://t.co/v4g6Idoppa Thu Apr 23 14:36:46 BST 2015
St George's Day and I was with the Ale Tasters at St George's Court in Lichfield at Noon today. THAT's campaigning! http://t.co/Ewj5w3cVYQ Thu Apr 23 14:35:59 BST 2015
Shame we didn't have this for the Hustings in @LichfieldCath last Sunday! Instead it's for tonight's One Show on BBC1 http://t.co/L5KvwdjyNR Thu Apr 23 14:25:47 BST 2015
More good economic news. The Government has met its target borrowing. Thu Apr 23 11:01:26 BST 2015
Not sure I am one of the #cameronettes exactly. Do I have to wear a ra-ra skirt and wave my pom poms around? Thu Apr 23 10:53:40 BST 2015
.@DHansenLuke @Lou74Harrison @Sir_Allen97 @jackjmatthews @PeterHw4w @WalsallCF I shall be attending St George's Court in #Lichfield today Thu Apr 23 09:45:15 BST 2015
.@saswans The current Secretary of State for Wales once said I looked like a surfer dude. I was wearing a white coral necklace at the time! Thu Apr 23 09:44:29 BST 2015
Just seen a clip of Arthur Scargill addressing the Socialist Labour Party. Gosh!
He used to be Arthur Scargill once! Wed Apr 22 17:28:31 BST 2015
.@stan4eng @Wyrdtimes Frankly, I don't give a damn. (whether you believe me or not). #GoneWithTheWind Wed Apr 22 17:05:52 BST 2015
This is pretty extraordinary. The SNP's Alex Salmond claims he is already writing Labour's budget!  Jeeez..  https://t.co/65vRflg3AJ Wed Apr 22 17:04:04 BST 2015
.@richardmorrisuk  NO COMMENT. Wed Apr 22 10:30:02 BST 2015
,@Broadbeak @tomwilson23 Fortunately, I do NOT have Justin Hayward's neck! Wed Apr 22 10:24:04 BST 2015
Was good to pop in to the historic King's Head in #Lichfield last night for a couple of pints (and be served by the jovial #UKIP candidate!) Wed Apr 22 09:41:47 BST 2015
.@DavidVick5 That's modern French. The original meaning is simpler and more obvious in a way.  A maker of fabrics = Weaver. Wed Apr 22 09:38:45 BST 2015
.@Wyrdtimes I am actually beginning to thing the English Parliament should be in Westminster & the UK Parliament move to #Lichfield or Mids Wed Apr 22 09:37:28 BST 2015
Nice to meet Al James and his daughter in sunny #Lichfield and have a photo outside George IV. http://t.co/pQmxm6Gbrj Wed Apr 22 09:36:08 BST 2015
.@martinwedge Thank you, Martin.  That's really kind. Wed Apr 22 09:31:20 BST 2015
When I was 18 I thought of changing my name to 'Weaver' (the original meaning of Fabricant as a French surname), but I'm glad I didn't. Wed Apr 22 09:14:25 BST 2015
.@jonspo If it is like the debate at @southstaffs, it will be lively, interesting, and thoughtful. Wed Apr 22 08:55:04 BST 2015
"@FiveSpiresLive @Douglas_Pullen @Aaron4Oldbury Didn't realise the Ginger Party were standing" < Don't be gingeriest. (Cons are inclusive) Tue Apr 21 20:56:43 BST 2015
.@Douglas_Pullen @Aaron4Oldbury SHOCK HORROR: And after, a drink in the King's Head, #Lichfield served by the #UKIP candidate! (No Pact!) Tue Apr 21 20:51:26 BST 2015
.@CreakycrankAdam There sure are narrow boats in #Lichfield and I am honoured to be Patron of @LHCRT1 !! Tue Apr 21 20:37:34 BST 2015
"@Alichat66 I'm sure you're mightily relieved. Even if you expect to hear good news, it's always a relief when it arrives. :o)" < Too right! Tue Apr 21 16:48:34 BST 2015
.@ZippyCuban Mine was in a cardboard cup, but I had it in the hospital garden. Viva #LichVegas.and #NHS Tue Apr 21 16:47:45 BST 2015
.@gwak52 A routine test on the #NHS. I am overdue doing a bowel cancer smear.....  I should do it and send it off. Tue Apr 21 16:46:17 BST 2015
Support and Vote on this local business and help prevent skin cancer!
http://t.co/JIQBCO1EJW Tue Apr 21 16:43:11 BST 2015
Just been screened for an aortic aneurism at Dr Sam Johnson Hospital in #Lichfield. I don't have one. Celebrated with a cup of hosp tea #NHS Tue Apr 21 16:36:32 BST 2015
485,000 applied to register to vote yesterday, the Electoral Commission says. Let's hope they are all entitled to vote! Tue Apr 21 14:37:56 BST 2015
.@FiveSpiresLive @ChrisWorsey We get on well.
But we don't get on THAT well. Tue Apr 21 08:09:35 BST 2015
.@GuyTindale @GrahamatSSC @southstaffs After the election, we are joining up again to form a boy band.  (Of the more elderly variety). Mon Apr 20 20:15:08 BST 2015
.@GrahamatSSC Fantastic questions from students at @southstaffs college today. Imaginative and challenging & more varied than last night's. Mon Apr 20 20:12:24 BST 2015
.@albiondumsday @ChazSharp That was VERY Twankable! Mon Apr 20 19:56:50 BST 2015
.@ChazSharp No. 'Fabricant' is French and is equivalent to 'Weaver' as a surname. It means 'manufacturer' in modern French Mon Apr 20 19:11:41 BST 2015
.Thanks for the photo @ChrisWorsey at @southstaffs college today. Really good and interesting questions! Mon Apr 20 17:28:19 BST 2015
How I did on Twitter this week: 61 New Followers, 737 Mentions, 193K Mention Reach. How'd your week go? via http://t.co/lLldYMXTRg Mon Apr 20 14:51:31 BST 2015
You can download my #GE2015 personal manifesto here: http://t.co/42p4ExWNjY (On most pdf readers, click Ctrl Shift + to rotate). Mon Apr 20 12:13:18 BST 2015
Departing from decision to stick to Scots-only matters, SNP MPs will now vote â€œany bit of legislation we wantâ€ says Stewart Hosie.SNP MP Mon Apr 20 10:21:47 BST 2015
"You cannot make a poor man rich by making a rich man poor."
Abraham Lincoln  (And me). Mon Apr 20 09:57:21 BST 2015
.@TheTortorian @Telegraph @David_Cameron I don't know my result as I wouldn't give them my email! (HOPE it was Conservative!!!!) Mon Apr 20 09:55:10 BST 2015
A truthful statement from the Labour Party. http://t.co/lyvATkCvjE Mon Apr 20 09:41:11 BST 2015
.@rob_pass_green @LichfieldCW @66usual @ChrisWorsey I'll explain it to you very slowly and carefully this afternoon if you care to listen. Mon Apr 20 09:39:31 BST 2015
.@rob_pass_green @LichfieldCW @66usual @ChrisWorsey And the Greens want to make it even higher at 60p. Correct? Mon Apr 20 09:37:08 BST 2015
.@rob_pass_green @LichfieldCW @66usual @ChrisWorsey No.  The tax never was at 50p. It was 40p then raised to 45p. Check your facts. Mon Apr 20 09:35:44 BST 2015
.@rob_pass_green @LichfieldCW @66usual @ChrisWorsey As it has never been at 50p, it couldn't have been "scrapped"! Mon Apr 20 09:19:13 BST 2015
Irritating! Just spent 10 mins doing an on-line questionnaire on vote match & at end they want my email instead of just saying @Telegraph Mon Apr 20 09:17:41 BST 2015
SNP warns Ed Miliband it would block defence spending & paralyse UK's armed forces if he tries to renew the Trident nuclear defence system Mon Apr 20 08:54:00 BST 2015
.@FiveSpiresLive @LichfieldLore @66usual @blitzrussia @streetphantom Yup. In the #Burntwood safari parks to spot tiger and hippo...... Mon Apr 20 00:19:35 BST 2015
@.LichfieldCW @LichfieldLore @66usual @blitzrussia @streetphantom I am NOT going on holiday! (That's May 8th!) I'm in #Burntwood Sun Apr 19 23:43:53 BST 2015
@deakin_lewis Best of luck! Sun Apr 19 23:00:52 BST 2015
.@deakin_lewis You were good on that. I couldn't follow and RT during the debate though! Sun Apr 19 22:54:56 BST 2015
When @ChrisWorsey, who did put up a good show, talked about RISING unemployment, I knew he had lost the plot. Sun Apr 19 22:52:40 BST 2015
.@JHallHDI But what a #Fab event and great that it was held in @LichfieldCath Sun Apr 19 22:49:01 BST 2015
@NcRttr Thank you. Sun Apr 19 22:43:54 BST 2015
.@Wyrdtimes EVEL & EngParl are not mutually exclusive. Sun Apr 19 16:12:35 BST 2015
.@Wyrdtimes Ask me about an English Parliament tonight in @LichfieldCath  Hustings start tonight at 6.30pm Sun Apr 19 13:06:31 BST 2015
Election Hustings tonight @LichfieldCath.  It all kicks off at 6.30pm.
I'll be there.  Will you? Sun Apr 19 08:48:47 BST 2015
There's a very different Referendum in Ireland on May 22nd. Watch this emotional video:
https://t.co/fIUM0Yvy7E Can you keep a dry eye? Sun Apr 19 08:17:59 BST 2015
.@rob_pass_green @FiveSpiresLive You naughty boy. You shouldn't have used your aerosol on the side of @LichfieldCath like that! Sat Apr 18 20:00:53 BST 2015
.@FiveSpiresLive  I wonder if @rob_pass_green will coment on Amish plans for #Lichfield? Will they be denied? https://t.co/2L8gg12bch Sat Apr 18 19:09:00 BST 2015
.@ChrisWorsey @FiveSpiresLive Yes!!  We all want that!  (The caped crusader). Sat Apr 18 19:07:19 BST 2015
.@FiveSpiresLive @ChrisWorsey @rob_pass_green @LichfieldCW @PaulRay111 @UKIP @almurray Yup!  I'll be there! 6.30pm @LichfieldCath Sunday Sat Apr 18 19:06:42 BST 2015
I met #Lichfield's Green candidate in City Centre today. He thinks I wrote
https://t.co/2L8gg12bch
I didn't! Honest. But it's very funny! Sat Apr 18 14:07:10 BST 2015
.@Gaylussite @williamsYM32 An encouraging upward trend since 2010!!! Fri Apr 17 18:52:36 BST 2015
.@williamsYM32 2% actually.  Sorry about that. (Labour DO hate good economic news, don't they). Fri Apr 17 18:49:11 BST 2015
#Lichfield unemployment now just 0.8%. http://t.co/SFeYnql2EU Fri Apr 17 18:23:31 BST 2015
.@AndrewCrines Yeah. I know. But I won't be watching it on iPlayer either! Fri Apr 17 18:21:12 BST 2015
#Lichfield to become an Amish community under proposals set out in Green Party election manifesto. (Perhaps)
https://t.co/2L8gg12bch Fri Apr 17 18:19:30 BST 2015
TWANK and THANKS!  RT: "@LukeDyks I do hope @Mike_Fabricant is well on the road to recovery.  What a great MP he is" Fri Apr 17 17:29:16 BST 2015
I didn't bother with last night's TV debate nor did many others it seems. A million more watched Emmerdale.  :<( Fri Apr 17 17:26:54 BST 2015
.@arleeke China is ranked 87th in the world income/capita. That is why it is not in the G8 or on the graph. I know you won't, but Apologise! Fri Apr 17 13:25:54 BST 2015
.@arleeke The population of Shanghai, Beijing, Guangdong, and Hong Kong are a tiny percentage of China's total population. Check your facts Fri Apr 17 13:17:33 BST 2015
.@CharlieXBravo 7,000 additional nurses, 9,000 additional doctors since 2010. But fewer administrators. #NHS Fri Apr 17 13:11:53 BST 2015
"@arleeke Tory lies Tory spin again. Where's china ??" < China is not in the G8 nor is it a developed country - only in small parts. Fri Apr 17 13:10:12 BST 2015
Isn't it incredible how Labour supporters just hate good economic news? http://t.co/IjyEG0EM1x Fri Apr 17 12:45:27 BST 2015
.@AhmedUmbongo The Government can take credit for low taxes & regulation which creates a healthy environment for businesses to thrive. Fri Apr 17 12:44:33 BST 2015
..@tpild90210 "A natural recovery". It is very UNnatural. We have the fastest growing economy - that is NO accident! http://t.co/RiLlO3jKHH Fri Apr 17 12:43:08 BST 2015
I don't want to sound like a gospel preacher, but share the good news and RETWEET! http://t.co/zsgrAq67bx Fri Apr 17 12:36:28 BST 2015
http://t.co/UF0NCteVdS Fri Apr 17 12:35:40 BST 2015
I have to say, this is SO funny - especially if you are from #Lichfield. Not the truth. (But almost).
https://t.co/4YBt0C9PdH Fri Apr 17 12:27:40 BST 2015
.@TigerTaggart An excellent point.
("I can't stand trial. I nutted someone, but I'm too thick to follow the case". Not ME I hasten to add!) Fri Apr 17 11:26:51 BST 2015
With every day that goes by now every attempt by Labour to deny the economic recovery seems ever more ridiculous. Fri Apr 17 11:24:55 BST 2015
.@K69atie @Mines_a_pint @brewer_lar I know Greville Janner and he does have dementsia. But no excuse if there's evidence. It needs a trial. Fri Apr 17 11:08:28 BST 2015
Lichfield's unemployment rate has halved since March 2014!!  (And b4 the inevitable 'the figures are fiddled' tweets, this is ONS data) Fri Apr 17 11:06:14 BST 2015
.@idvck I have been nagging about that for ages! Fri Apr 17 09:44:54 BST 2015
.@Phoenix45Blog @hocwatch It is the standard used by the Office of National Statitistics and the International Labour Organisation. Fri Apr 17 09:44:17 BST 2015
Jees, I hate talking about the Long Term Economic Plan, but the @ONS figures show it has worked. CHECK OUT @ONS! Labour would wreck it. Fri Apr 17 09:43:21 BST 2015
.@ostercywriter Yes.  Though to those who knew 'austerity' some years back, ours is most definitely NOT! Fri Apr 17 09:38:47 BST 2015
UK unemployment has fallen yet again!  Now just 1.84 million with a further 76,000 in work.  One of the lowest unemployment rates. Fri Apr 17 09:36:31 BST 2015
.@kingstonkilby I understand that, most unusually, @leicspolice will challenge the @cpsuk decision. And good for them. Fri Apr 17 08:41:53 BST 2015
At 9.30am this morning, the latest employment figures are out. Fri Apr 17 08:40:00 BST 2015
To those who criticise my view that Lord Janner should be prosecuted, read this from The Times. http://t.co/xcUPD8QunX Fri Apr 17 08:18:07 BST 2015
.@awedgewood @joerichlaw Our success with the economy has meant we have not had to increase alcohol duty excessively! Thu Apr 16 13:06:44 BST 2015
.@EdLongden Justice needs to be seen to be done by the public and victims alike. If a judge and jury choose not to proceed, so be it. Thu Apr 16 12:15:05 BST 2015
.@DBanksy Others have been prosecuted for other crimes despite dementia. This is nothing new. Thu Apr 16 12:13:38 BST 2015
.@Brydon_N I am pleased that @leicspolice are challenging @cpsuk's position. Provided there is enough evidence, a prosecution should proceed Thu Apr 16 12:12:32 BST 2015
The decision by the @cpsuk not to prosecute Greville Janner is wrong. The victims of child abuse need closure. His dementia is irrelevant. Thu Apr 16 12:08:51 BST 2015
.@mrbluesky1uk @EN_Somat If you call 2% of the Labour market being zero hour an 'economy built on sand' you are living in fantasy land! Wed Apr 15 19:00:05 BST 2015
.@deakin_lewis @LichfieldLive Yeah. We talked for 2 hours! If you don't edit, it'll be like War & Peace! (And a pleasure to meet you too). Wed Apr 15 18:52:09 BST 2015
.@oxjustice @fifthstanza Suggest you take a tranquiliser then go on the IPSA website where all will be explained for you....   *sighs* Wed Apr 15 14:50:58 BST 2015
@oxjustice @fifthstanza MPs have not been given any 11% pay rise.  I should be so lucky! What bollocks gets talked about on twitter.... Wed Apr 15 14:46:33 BST 2015
HGV rat run through Lichfield's Birmingham and Trent Valley roads must STOP! We need weight restrictions http://t.co/zbhKCNKuPo @LichMercury Wed Apr 15 14:21:14 BST 2015
.@lichfieldvoter Governments create the economic environment which, if right, create jobs and prosperity. (Now 2.8%) http://t.co/PdS9aGLOV7 Wed Apr 15 09:18:26 BST 2015
@migrationman Less of the 'cuddly'. 'Loveable' perhaps. Wed Apr 15 08:45:32 BST 2015
.@migrationman Those are the good things Unions do and protect individual rights. But Unite + others pay Labour & make damaging demands. Wed Apr 15 08:37:34 BST 2015
.@InspGadgetBlogs You are right! Govt's do not create jobs. They CAN create the economic growth which in turn creates jobs. Low tax etc. Wed Apr 15 08:34:41 BST 2015
47% of voters believe Labour wants to behave responsibly on spending, but doubt it can succeed, 17% they are lying. Why? The Unions & SNP. Wed Apr 15 08:33:02 BST 2015
The IMF says the UK is now 2nd largest economy in Europe, after growth of 2.8% in 2014 - the strongest in the G7 creating jobs + prosperity Wed Apr 15 08:21:54 BST 2015
@ForSciCon Write to me if you are a constituent regarding this and I will respond. Tue Apr 14 22:47:47 BST 2015
.@kimeberhart I'd love to do that but it must now wait until after the election (if I am elected). Tue Apr 14 21:49:51 BST 2015
@MahinNaseem @GeneralBoles Felicity Kendall Tue Apr 14 13:57:58 BST 2015
"@GeneralBoles Vote #Conservative for a Good Life #ToryManifesto http://t.co/1FbqZxKY6i" < Jeez. She is SO sexy with her pout! *drools* Tue Apr 14 13:53:16 BST 2015
At last! The 'sunlit uplands'. What we are going to use the success of the economic plan for!
https://t.co/cdB2Kahfet Tue Apr 14 12:37:47 BST 2015
.@chrisccoulson Mmmmm.  Funnily enough, that didn't come up in the conversation.
*embarrassed smile* Tue Apr 14 12:34:29 BST 2015
I've just been interviewed for BBC Midlands Today about my use of twitter. They are filming me do this tweet! Tue Apr 14 11:53:03 BST 2015
@sblack_ie @Lichfield_DC Sorry to hear about that.  Write to me about it. Mon Apr 13 19:10:36 BST 2015
.@tobyperkinsmp @DerbyshireFBU Toby:  He was very kind and bought ME a coffee! Clearly I am more charming. Mon Apr 13 19:09:57 BST 2015
Just about to buy a local fireman a coffee this morning in Caffe Nero when I remembered that a UKIP cand is in trouble over sausage rolls Mon Apr 13 18:52:50 BST 2015
Take this with a pinch of salt (1 poll) but Guradian-ICM puts Conservatives 6% ahead. (But b4 Lab manifesto launch) http://t.co/eDgaJPW725 Mon Apr 13 18:49:20 BST 2015
Good TWANK! sir: â€œ@DavidAhluwalia: Top trolling from @Mike_Fabricant http://t.co/D6Bz6sQvecâ€ Mon Apr 13 18:26:02 BST 2015
Good to have @bbcnickrobinson back on @BBCNews Let's hope his voice gets stronger over the months and he doesn't strain it too much. Mon Apr 13 18:15:06 BST 2015
"@PeterWiggins @jimmysouljazz Report him to twitter" < He or she will just set up another account. What a SAD person. Mon Apr 13 14:34:01 BST 2015
.To accuse people of child abuse for political purposes is disgraceful. It also means that real accusations might not be taken seriously. Mon Apr 13 14:33:05 BST 2015
"@jimmysouljazz Fabricant is guilty of child abuse and the media know he is, but cover it up"<THAT is an appalling thing to say. Be ashamed. Mon Apr 13 14:31:34 BST 2015
How I did on Twitter this week: 111 New Followers, 856 Mentions, 466K Mention Reach. How'd your week go? via http://t.co/lLldYMXTRg Mon Apr 13 13:35:18 BST 2015
I'm off to meet a local fireman now to discuss issues in Lichfield with the fire service.  All done over a coffee! Mon Apr 13 11:44:54 BST 2015
EdM, when asked, still refuses to admit that spending was out of control by last Labour Gov which exacerbated the economic crash in 2008 Mon Apr 13 11:43:45 BST 2015
I find it bizarre that at all Labour press conferences they pack the audience with ppl who jeer the journalists whose job it is to be there. Mon Apr 13 11:39:55 BST 2015
Ed Balls is very evasive about how much Labour will cut the deficit. By 1p or Â£1bn or what? We don't know. He won't say. Deliberately vague. Mon Apr 13 11:06:37 BST 2015
.@shulibak Yes. I am uncomfortable with the Republicans who support guns, are anti health care, and very illiberal on minority issues still Mon Apr 13 09:25:34 BST 2015
CORRECTION: Manifestos out:-
Today Labour; Tuesday Conservatives; Wednesday Lib-Dems, Thursday (we think) UKIP, SNP, and the Greens Mon Apr 13 09:18:56 BST 2015
Not sure I would vote for Hillary Clinton, but if I could vote in the US, I am more of a Democrat than a Republican nowadays. Mon Apr 13 08:51:49 BST 2015
.@Leavesdr @jaybramwell It is easily done. You type a story quickly and... I am amazed how very few typos there are ever in the @LichMercury Mon Apr 13 08:32:37 BST 2015
Conservative Manifesto (and Lib-Dem) is being published tomorrow.  *prays for no typos* Mon Apr 13 08:31:02 BST 2015
.@jaybramwell I hardly think that The Guardian of all newspapers did it deliberately to hurt Labour. Mon Apr 13 08:28:32 BST 2015
.@jaybramwell It is wrong for Labour or any Party to claim a monopoly on compassion. (Even on twitter). Mon Apr 13 08:27:10 BST 2015
.@jaybramwell Well, I wouldn't like it if the Telegraph accidentally made a negative of something the Conservatives said. Mon Apr 13 08:26:11 BST 2015
.@greenpeel1969 Thanks.  It's good to know I am not alone. And I think I have more to be removed. Mon Apr 13 08:24:52 BST 2015
.Even if EdM is half serious about being "fiscally responsible", Nicola Sturgeoun and the SNP will try and stop this. She wants excess spend Mon Apr 13 08:23:51 BST 2015
Almost feel sorry for EdM. The Guardian in one of its famous typos has written EdM "will say Labour is now the fiscally irresponsible party" Mon Apr 13 08:20:59 BST 2015
.@Marty_Caine OMG!  You need to tell the local electoral returning officer quickish!! Sun Apr 12 18:57:16 BST 2015
.@Marty_Caine Marty:  They are allowed to vote in the local elections but NOT #GE2015 Sun Apr 12 18:50:59 BST 2015
â€œ@fifthstanza: @KellDeggers @Mike_Fabricant I smell like a hob nob. Never worked out why.â€ < Coincidence. Ppl say I LOOK like a nob. Sun Apr 12 17:19:25 BST 2015
I have decided I must contact Joey Essex and find out where he gets his spray tan. Hope the side effect isn't instant lowering of IQ. Sun Apr 12 17:07:41 BST 2015
Beginning to feel very lethargic. I guess my body is putting energy into repairing 2 wounds where flesh was removed. 6 + 7 stitches.  :<( Sun Apr 12 16:55:41 BST 2015
.@songbird72884 Try whoever your MP is after May 7th. Sun Apr 12 16:54:21 BST 2015
.@songbird72884 If you live in the Lichfield constituency, please write to me about this. Sun Apr 12 13:23:01 BST 2015
.@hannahjames40 My GP referred me to a consultant dermatologist at the hospital. The dermatologist is a specialist which, I guess, is better Sun Apr 12 09:33:31 BST 2015
.@adesteele @nickbrickett Apols, guys. Full credit to @MZPhotography1 for that photo at @MercianLabels. It was a great day in #Burntwood! Sun Apr 12 08:19:46 BST 2015
.@DavidLegion1 @Hydor18 Depends on whether the mole has spread or not..... Sat Apr 11 15:14:31 BST 2015
I find out next week from the biopsy whether the 1st mole removed is an 'in situ' or a Stage 1 melanoma. Sat Apr 11 15:13:33 BST 2015
.@Hydor18 I hadn't seen a Dr in years. But I didn't like the look of a mole and they referred me immediately. All very quick. #NHS Sat Apr 11 15:10:37 BST 2015
â€œ@theJeremyVine: @Mike_Fabricant Good luck Michael and best wishes.â€ < Thanks Jeremy.  Apart from uncomfortable stitches, I'm feeling fine. Sat Apr 11 15:06:00 BST 2015
LOVE IT! https://t.co/ZjT6oPQzzY Sat Apr 11 15:01:19 BST 2015
Well,  Factor 30????  Certainly not Factor 8 which I had been using. https://t.co/7Q7QbcpHeE Sat Apr 11 15:00:15 BST 2015
.@redskydarkcloud THAT is really good to hear!  Thanks.  (It's one thing knowing the theory, but it's good to know of positive outcomes). Sat Apr 11 14:59:30 BST 2015
23 years ago earlier today, I became the MP for Mid Staffordshire which included #Lichvegas! MP for the 1st time. Fri Apr 10 22:18:34 BST 2015
Thanks for all the good wishes. I am mincing out now ('cos of the stitches) to have a rip roaring curry. It may take my mind off things! Fri Apr 10 19:25:26 BST 2015
"@sabcatprinting I hope that's the end of it and you're ok" < Thanks Andy. Fri Apr 10 19:18:15 BST 2015
.@paul_beardow Gosh.  That's a point. Lemon juice? Fri Apr 10 17:36:52 BST 2015
That'll teach me to be a sun worshipper. All vanity! If you're like me, get your moles checked out! Fri Apr 10 17:22:46 BST 2015
Thanks for all the get well messages. Apart from the stitches I feel fine. And as Maggie said: "We fight on. We fight to win!" Only she lost Fri Apr 10 17:06:35 BST 2015
.@Dr_RohenKapur They gave me a blood test today to determine if I need extra D3 vitamins. Fri Apr 10 17:04:17 BST 2015
.@Damage_13 Thanks Toby.  I think they've got it in time. But the stitches are uncomfortable! Fri Apr 10 16:52:34 BST 2015
.@englishoak You are right! If anyone has a suspicious mole or lump, check it out. With package hols etc, there's a skin cancer epidemic. Fri Apr 10 16:51:18 BST 2015
.Had various bits removed so walking very oddly! The staff at Queen's are excellent and thoroughly professional. Well done #NHS! Fri Apr 10 16:49:51 BST 2015
I was diagnosed with skin cancer this morning (melanoma & basal cell carcinoma) at Queen's Hospital Burton. Probably caught in time. #NHS Fri Apr 10 16:47:49 BST 2015
Gave out awards yesterday to the staff at Kings Bromley Nursing Home http://t.co/2q1yXZ4zYV Fri Apr 10 16:36:37 BST 2015
.@LichfieldCW Because it was made absolutely clear that the legislation WOULD NOT cover-up child sex abuse allegations. Read Hansard! Fri Apr 10 13:51:18 BST 2015
@collinzdavies All in my leaflet! Thu Apr 09 16:07:09 BST 2015
.@collinzdavies @ChrisWorsey @rob_pass_green Gosh!  You're keen! Four whole weeks to go. I am sure you will be hearing from all of us. Thu Apr 09 15:50:29 BST 2015
"@BrianBrachiopod But don't you think 'Deputy Prime Minister Millibland' has a nice wring to it?" <  Noooooooooo!! Thu Apr 09 12:38:57 BST 2015
.@BrianBrachiopod I can't see THAT coalition, but I CAN see the Conservatives and some Labour MPs voting the same way on #Trident Thu Apr 09 12:35:15 BST 2015
Up until now, I was a source of interest to the waiting area at Queens Hospital Burton. Been overtaken by handcuffed patient & guards. Thu Apr 09 09:48:34 BST 2015
Am at Queens Hospital Burton for an eye check. Got called 20 mins EARLY.  Should I complain?  ðŸ˜€ Thu Apr 09 09:32:40 BST 2015
Interesting article on silenced whistled blowers, bloated bureaucracy, & wasted cash in #NHS under Labour. http://t.co/pa0Ldj3VRC Thu Apr 09 09:30:19 BST 2015
.@BBCRichardMoss @BBCPolitics Or maybe they just think they don't have a hope in hell? Thu Apr 09 09:16:58 BST 2015
.@Mr_JDTraynor Are you speaking formally for @UKLabour ?? Wed Apr 08 20:15:49 BST 2015
Ed Balls: "Both the last Labour Government & the Conservatives have tightened up Non-Dom rules". See for yourself:
https://t.co/nF0527UTdF Wed Apr 08 18:15:29 BST 2015
.@carbonsaveruk So r u arguing that if Labour put up tax to 98p in Â£ again, there now would not be a flight of money and people? Wed Apr 08 13:16:19 BST 2015
@Andrew_J_Carter I suggest you read all my tweets.  You are misquoting me. Wed Apr 08 13:14:24 BST 2015
The demos against #UKIP and threats of violence are unacceptable in a modern democracy - whether you agree with them or not. Wed Apr 08 13:11:16 BST 2015
@carbonsaveruk Oh, if only life and economics were so simple that we can apply arbitrary cut-off points in history to determine behaviour. Wed Apr 08 13:08:19 BST 2015
"Clarity and consistency" needed says @BBCNormanS "But this was absent today in Labour's tax announcement". Wed Apr 08 13:05:44 BST 2015
.@carbonsaveruk History is useful for economics. Have to get balance of taxation right. I am not against Nom Dom tax in principle. Wed Apr 08 12:48:00 BST 2015
In 70s Labour taxed the rich "until their pip squeaked". 98p in Â£. Policy had to be reversed as it COST the UK as money + ppl left country. Wed Apr 08 12:44:35 BST 2015
.@mrkharrop90 @LabourEoin Envious and utterly pointless IF it costs the nation money. Taxes are to raise revenue, not cost revenue. Wed Apr 08 12:37:52 BST 2015
.@LabourEoin "Clamp downs" which end up costing the country money is a bit stupid as Ed Balls has already said..... Wed Apr 08 12:34:12 BST 2015
Meanwhile, I am visiting the M6 Toll HQ today....... Wed Apr 08 12:33:07 BST 2015
@tristan2021 U-turn. Labour now saying they Won't abolish it.  Only parts.  Maybe. #Chaos. Wed Apr 08 12:31:17 BST 2015
Now Labour are saying they WON'T abolish nom dom tax status after all. They will see if it makes or loses money. Everything EdB says= U-turn Wed Apr 08 12:22:30 BST 2015
Tax should be to raise revenue for the #NHS and Education. NOT for politics of envy + cheap votes. http://t.co/KuI82FOkLO Wed Apr 08 11:50:08 BST 2015
.@jclements61 As Ed Balls says:  It all depends on whether the country benefits financially or not. Wed Apr 08 11:48:31 BST 2015
NON DOM TAX Ed Balls today: "We will abolish it". EdB Jan 2015: Won't abolish it "it will probably end up costing Britain money" #Priceless Wed Apr 08 11:44:38 BST 2015
Walking back from #Lichfield centre, I decided to have a coffee in the garden of Chapters in The Close. #Tranquility http://t.co/qsA1TfJ3VV Wed Apr 08 10:15:41 BST 2015
@ifanmj @elginism I know someone who does..... Wed Apr 08 08:31:54 BST 2015
.Well, maybe the Lichfield Gospels........ Tue Apr 07 23:24:06 BST 2015
.@elginism I do NOT support the idea of the Elgin Marbles being returned to Greece. (Nor the Lichfield Gospels to Wales come to that). Tue Apr 07 23:23:22 BST 2015
@Ellbirdos I can't remember who the first was! But it would be for a similar reason. Consistent unpleasantness. I should just ignore. Tue Apr 07 22:56:48 BST 2015
.@Ellbirdos Most are supportive, some are challenging, and a tiny minority are just unpleasant. Life is too short for interaction with them. Tue Apr 07 22:47:44 BST 2015
.@Ellbirdos I think I have only blocked 2 people. The most recent chooses to be gratuitously & consistently offensive. Never block debaters! Tue Apr 07 22:33:28 BST 2015
Am I moonlighting? https://t.co/795ZFT4cd7 Tue Apr 07 20:42:57 BST 2015
Chase Terrace have done a BRILL job.  Well done to all of you! https://t.co/ptSOicDzCz Tue Apr 07 20:06:10 BST 2015
.@williamsYM32 OK. I think there might be issues here. Happy to meet your group after the election if I am re-elected as I have said. Tue Apr 07 19:46:44 BST 2015
.@PaigeLOVEStwx Hey!  Well done.  Fantastic! Tue Apr 07 19:42:50 BST 2015
Chase Terrace - You look GREAT! https://t.co/tfoLyU0cml Tue Apr 07 19:42:10 BST 2015
@williamsYM32 Then I am afraid I now don't understand what you are talking about. If YOU haven't contacted us, how could we contact YOU? Tue Apr 07 19:40:03 BST 2015
@johnothanjj88 Because you can't tell a landlord to stop rent for a month whether you are there or not (if you think about it). Tue Apr 07 19:29:04 BST 2015
.@johnothanjj88 MP and staff salaries and legit expenses continue as before until the electorate appoint a replacement MP. Tue Apr 07 19:23:21 BST 2015
That is deffo TWANKable!   â€œ@realestatecult: @Mike_Fabricant @Miguelencasa Michael's main asset is that he ISN'T normal! #twankthatâ€ Tue Apr 07 19:16:29 BST 2015
.@StuartLong01 @garrysb @HouseofCommons No. Redirect is until the MP is replaced by another. Possibly May 8th. Tue Apr 07 19:10:27 BST 2015
.@williamsYM32 @Spetmologer @inclusive1 My office contacted you TWICE about this. I think you are now beginning to make an artificial issue. Tue Apr 07 19:09:23 BST 2015
.@seanuk123  On that basis, Parliament may be recalled. The weather is changing for the worse this coming weekend. Tue Apr 07 19:08:08 BST 2015
.@garrysb Write to yr former MP at @HouseofCommons. The letter will be forwarded on to his/her current office. It'll be passed onto minister Tue Apr 07 19:05:05 BST 2015
.@Spetmologer @inclusive1 @williamsYM32 It is legal. It is a recognition that constituency work and Government must continue in practice. Tue Apr 07 19:01:32 BST 2015
Although there are no MPs during election, former MPs and their staff are still paid because constituency work continues for all of us. Tue Apr 07 18:53:32 BST 2015
.@inclusive1 @williamsYM32 .... + despite no longer being an MP, I and my staff still have constituency work to do until/if I am replaced. Tue Apr 07 18:51:34 BST 2015
.@inclusive1 @williamsYM32 The reality is that I have more engagements than other candidates I suspect for obvious reasons + .... Tue Apr 07 18:50:25 BST 2015
'Almost'? I think it's TWANKâ€œ@Miguelencasa: You don't have to, Lichfield is lucky to have an almost normal candidate such as your goodself.â€ Tue Apr 07 18:36:35 BST 2015
.@Miguelencasa @williamsYM32 I take NOTHING for granted!!!! Tue Apr 07 18:30:46 BST 2015
.@williamsYM32 VERY happy to meet. But that was NOT going to happen on Easter Sunday. Will now happen after election if I am elected. Tue Apr 07 18:14:14 BST 2015
â€œ@2ndcitysuit: And I've travelled all the way up from Solihull for a visit!  Sat outside Nero's in the sun. Lovely place.â€< I was there a.m! Tue Apr 07 15:59:35 BST 2015
.@BuildSpecifier It's because I am SO popular. EVERYONE wants to live here.   :<( Tue Apr 07 15:35:17 BST 2015
One of my rivals in #Lichfield for #GE2015 has already conceded defeat. http://t.co/m843OSpaPU But he has facts wrong re opposing spending. Tue Apr 07 13:56:14 BST 2015
Tony Blair has emerged from the bunker blinking into the daylight to campaign for Labour.
Be afraid. Be very afraid. Tue Apr 07 10:04:16 BST 2015
.@Devon_Ian If you look hard, you can spot me too.  They made me get a haircut as the director thought I didn't look like a real MP! Tue Apr 07 09:29:23 BST 2015
.@down_in_one Yes. I wasn't so sure about the "scurrying" either. But it's true to say I rarely stroll...... Mon Apr 06 23:19:25 BST 2015
"Itâ€™s just like falling off a bicycle" I told Green MP, Caroline Lucas. " Get back up and go on.â€™â€
http://t.co/ZnRgXkae5G Mon Apr 06 21:56:52 BST 2015
A plain statement of fact. http://t.co/pofYlSr7EM Mon Apr 06 21:43:27 BST 2015
How I did on Twitter this week: 89 New Followers, 1.01K Mentions, 472K Mention Reach. How'd your week go? via http://t.co/lLldYMXTRg Mon Apr 06 12:43:04 BST 2015
My Easter egg has self-mutated from 'Vote Fabricant' to
"Yo Fabricant". Reminiscent of Bush/Blair. ðŸ˜ž http://t.co/ymMzZ5T2Rv Mon Apr 06 09:57:03 BST 2015
â€œ@thepeoplescomp: We're 12 young adults from King Edward Vi school Lichfield competing in the Young Enterprise competitionâ€ Bought the book! Mon Apr 06 07:32:26 BST 2015
.@englishfizz Many thanks! I remember the event well. Debris on the runway at Naples....... Mon Apr 06 07:30:36 BST 2015
.@jwrw That is DISGUSTING.  :<( Sun Apr 05 17:32:41 BST 2015
.@dad_hal One of the joys of being a candidate is we are forbidden to 'bribe or treat'. Not even allowed to buy a round of drinks! Sun Apr 05 09:45:17 BST 2015
Shock: Fabricant misreads the true meaning of Easter: 

HAPPY EASTER SUNDAY EVERYONE! http://t.co/9YpBx16wOP Sun Apr 05 08:56:48 BST 2015
"@lastenglishking @WilfredKing_ Height of fame? Not if you were a #pointless answer surely?" < I dread to think what the question was.... Sat Apr 04 12:33:01 BST 2015
.@The_Drawback I know. #GE2015 is such a distraction. Sat Apr 04 12:32:02 BST 2015
Mail on Sunday claims I am a trendy "Metrosexual". Just been chopping up wood. A friend says that makes me a "lumbersexual". Sat Apr 04 12:15:11 BST 2015
@fifthstanza @DC_Cartwright @Number10gov Can't tell you until I open it! Fri Apr 03 18:49:50 BST 2015
.@DC_Cartwright @Number10gov 
My Easter Greetings! #shameless http://t.co/ZSLULPE53I Fri Apr 03 18:24:37 BST 2015
And now, a religious message for Eastertide....... http://t.co/sYWmNISF4N Fri Apr 03 09:34:33 BST 2015
HAPPY EASTER to all my followers. (The egg bought for me by a friend). http://t.co/kKT7pSW7X6 Fri Apr 03 08:31:23 BST 2015
Pub landlord may sue Farage says Sun. (Not the #UKIP pub landlord standing against me). http://t.co/Alz2cTNomD Fri Apr 03 08:10:21 BST 2015
This has to be one of the saddest news items I have read regarding an individual. The little boy, his dead mother. http://t.co/vwVHzSI35e Fri Apr 03 07:49:21 BST 2015
And my chicken madras with sag aloo and bindi baji with rice tonight was just #fab Fri Apr 03 00:06:56 BST 2015
.@Dayvdee It's called having a social life. You must try getting out. Thu Apr 02 21:26:42 BST 2015
.@Sezzer64 @flecturo Chile chicken madras. #leadersdebate Thu Apr 02 21:24:51 BST 2015
EdM is terrifying me with his big brown eyes boring into the camera lens. It's like being under alien attack. Exterminate.  #leadersdebate Thu Apr 02 21:23:51 BST 2015
.@flecturo And then I'm going for a curry. I've had enough!!! #leadersdebate Thu Apr 02 21:21:18 BST 2015
I am hoping Farage might poke his tongue out at Cleggy. #leadersdebate Thu Apr 02 21:20:22 BST 2015
â€œ@LinguaFrancis: @Mike_Fabricant I'll let you know if you miss #CleggsCartwheelâ€ THANKS! Thu Apr 02 21:18:22 BST 2015
I am so furious! I have to meet someone at the station so have to leave at 9.25 so no more from me on #leadersdebate after that! :<( Thu Apr 02 21:14:41 BST 2015
#leadersdebate DC says immigration from EU high because more jobs created in UK than the rest of the European Union combined! Thu Apr 02 21:07:51 BST 2015
.@out_of_synch I know! 
And his eye liner doesn't help. #leadersdebate Thu Apr 02 21:05:10 BST 2015
â€œ@enochfanakapan: @Mike_Fabricant @stevewhitto54 Stop spouting your usual tory shit dickheadâ€ < From the Labour Party HQ no doubt. Thu Apr 02 21:02:41 BST 2015
â€œ@BatmanVillain: @Mike_Fabricant why do you think he is standing so far to the leftâ€ < ITV drew lots and that's why they are where they are Thu Apr 02 21:02:08 BST 2015
No wonder when you look at the state of the #NHS in Wales under their Labour Government. Not a good state of affairs. Thu Apr 02 21:00:26 BST 2015
#leadersdebate DC points out that the Conservatives protected the #NHS a budget when Labour said it wouldn't and shouldn't be done. Thu Apr 02 20:58:37 BST 2015
#leadersdebate I know I am biased, but EdM is very weak and hesitant on important #NHS a stats and promises. Thu Apr 02 20:57:30 BST 2015
#leadersdebate Cleggy's attempts to distance himself from the past 5 years is quite vomit making. Thu Apr 02 20:55:45 BST 2015
#leadersdebate #NHS 4% privatised under Labour, 2% under Coalition. Thu Apr 02 20:55:02 BST 2015
@usetherudders Yup. Thu Apr 02 20:51:24 BST 2015
Oh come on Cleggy.  Do that cartwheel across the stage. #leadersdebate Thu Apr 02 20:50:58 BST 2015
â€œ@GarryEly: @Mike_Fabricant Steady now. You'll spill your pims.â€ < Now there's a good idea...... Thu Apr 02 20:49:59 BST 2015
@AndronicouMaria I know. I'm a failure Thu Apr 02 20:49:13 BST 2015
#leadersdebate Farage pulls a funny face when SNP says there's nothing he wouldn't blame on foreigners. Thu Apr 02 20:46:54 BST 2015
Oh damn.  I have been putting #leaderdebate when I should be putting #leadersdebate Thu Apr 02 20:45:08 BST 2015
.@AllSeeinOracle You are right! #Bercow would have insulted them all then given his views! #leaderdebate Thu Apr 02 20:44:31 BST 2015
#leaderdebate DC keeping his cool, being reasonable despite some of the bo***cks and lies being discussed Thu Apr 02 20:43:18 BST 2015
#leaderdebate EdM talking about the #NHS. Doesn't talk about the NHS in Wales which is a disaster under the failing Welsh Labour Government. Thu Apr 02 20:41:34 BST 2015
.@stevewhitto54 Unlike other countries, Labour spent money like there was no tomorrow. THAT's why no money was left. Thu Apr 02 20:38:33 BST 2015
#leadersdebate If I were the chairperson, I'd resign and just flounce  off the stage. Thu Apr 02 20:33:07 BST 2015
.@Sezzer64 Or @adrianmasters84  He would have been good! Thu Apr 02 20:31:33 BST 2015
#leaderdebate SNP keeps on going about "we need growth" - UK has faster growth than Germany, USA, or Japan.  #outoftouch Thu Apr 02 20:30:14 BST 2015
.@ymbhweorfnes @ukipwebmaster Maybe Liam Byrne will write it out for you. He left the original note when he was in the Treasury. Thu Apr 02 20:28:05 BST 2015
#leadersdebate The ITV chair woman has lost control. She is absolutely useless. Bring back Richard Dimbleby! Or at least Jonathan. Thu Apr 02 20:27:04 BST 2015
#leaderdebate DC reminds everyone that Labour left our nation with no money in the kitty. Bankrupted the nation. That's where it comes from. Thu Apr 02 20:25:55 BST 2015
#leadersdebate SNP says Clegg was in Government with DC. Who is he kidding. #desperate Thu Apr 02 20:23:10 BST 2015
#leaderdebate DC fights back when they all turn on him. DC has a good track record leading to a 1000 new jobs a week! Thu Apr 02 20:21:53 BST 2015
#leadersdebate Cleggy breaks ranks and starts shouting DC down. What a hypocrite. He was Deputy Prime Minister! Thu Apr 02 20:18:54 BST 2015
#leadersdebate SNP says long term plan is holding back growth. What planet is she on. We have fastest growth of any major economy! Thu Apr 02 20:17:30 BST 2015
#leadersdebate Cameron says he doesn't want tax rises - that sort of tax and waste got us into the mess in the 1st place. Thu Apr 02 20:15:25 BST 2015
#leaderdebate Leanne Wood is so weak. A disaster for Plaid. Bring back Adam!! Thu Apr 02 20:13:20 BST 2015
#leadersdebate EdM smirks at Cleggy. I would too! Thu Apr 02 20:11:09 BST 2015
#leaderdebate Cameron talks proudly about the economic record. More jobs. Lower taxes. Message: Don't blow it! Thu Apr 02 20:08:51 BST 2015
#leadersdebate "We want an end to austerity" slogan slogan slogan. Thu Apr 02 20:06:43 BST 2015
#leadersdebate No cartwheel from Cleggy. Very disappointed. :<( Thu Apr 02 20:05:22 BST 2015
#leadersdebate Farage sounding reasonablish Thu Apr 02 20:04:42 BST 2015
#leadersdebate I loved the Ozzy accent of the Green.  Sort of. Thu Apr 02 20:04:08 BST 2015
#leadersdebate Begins with disaster. Plaid Cymru and SNP leaders are wearing clashing red. Unco-ordinated. Thu Apr 02 20:03:27 BST 2015
@alfiegull No. Haven't been for years and years.....   :<( Thu Apr 02 19:59:02 BST 2015
.@alfiegull I'm delighted! (And pleased you support Seagulls. I remember the old Goldstone Ground). Thu Apr 02 19:36:03 BST 2015
.@albiondumsday @LichfieldCath @LichMercury Sir Tony Baldry. Formerly the MP for Banbury. Thu Apr 02 19:02:02 BST 2015
.@jonspo @LichfieldLive Sadly not. Their fess barely cover the operation of the School I am told..... Thu Apr 02 18:48:35 BST 2015
.@LinguaFrancis If @nick_clegg does a cartwheel across the stage, even I might vote for him.  ;>)  #CleggsCartwheel Thu Apr 02 18:47:56 BST 2015
Â£800,000 to @LichfieldCath for rewiring and new lighting.
http://t.co/QtiFE3jjmH @LichMercury http://t.co/nx4DyKeWRD Thu Apr 02 18:41:27 BST 2015
@TheFlybyMuse Please resend.  Technical prob due to Westminster email turn disconnection
http://t.co/mv4rWyZuOy Thu Apr 02 18:37:53 BST 2015
.@Cdpnatters You should have said 'hi' !! Wed Apr 01 23:56:16 BST 2015
.@Alex_warren97 Great bto meet you, Alex.  Why do I look p***ed?? (Had a great dinner at Ego in #Lichfield with Tony Baldry). Wed Apr 01 22:46:12 BST 2015
.@nicknumber @WillMcHoebag @guardiannews No. I don't need one. But if I wanted flexible working hours I might. Wed Apr 01 14:46:05 BST 2015
Don't feed bread to ducks say @CanalRiverTrust Use frozen peas, lettuce or grapes instead! Bread causes algae and disease. #MinsterPool Wed Apr 01 14:20:30 BST 2015
.@nicknumber @WillMcHoebag @guardiannews Zero hour like other employment contracts, provided they are controlled, have employee advantages. Wed Apr 01 13:50:44 BST 2015
.@nicknumber @WillMcHoebag ONS figures I am quoting - and so are @guardiannews http://t.co/vQ8ZCl4t7P Wed Apr 01 12:40:37 BST 2015
.@Arden_Forester @villanUK71 If a minister was an MP (most are, a few are Lords), they will have constituency work too. Wed Apr 01 11:15:22 BST 2015
.@villanUK71 Yes until a PM changes ministers or the electorate choose a new MP, we carry on our constituency & ministerial work as before. Wed Apr 01 11:11:31 BST 2015
.ZERO HOUR FACTS: Of the 1,000 jobs a day currently being created, 98% are full-time contracts. http://t.co/4hd3Ll4y96 Wed Apr 01 09:06:16 BST 2015
ZERO HOUR FACTS: At peak period for the retail trade (Oct-Dec 2014) 2% of people in employment were zero-hour http://t.co/JHTDSBtgmx Wed Apr 01 09:04:16 BST 2015
It was inevitable. Jeremy Clarkson will join his former Top Gear colleagues for a series of live shows this year http://t.co/kwCJ4fFhGX  SKY Tue Mar 31 23:30:59 BST 2015
Labour refuse point blank to spell out what cuts they will make. Scroll onto 6:00 and the fun begins. @BBCNewsnight https://t.co/0aN30m1P89 Tue Mar 31 23:29:55 BST 2015
"@danielbyles no meeting in a stairwell!!" < NO meeting in a stairwell. Tue Mar 31 18:59:35 BST 2015
.@PaulBigland1 @WilliamBarter1 Not WHAT he was saying but HOW he said it. I can't stand pompous young farts, let alone........ Tue Mar 31 18:40:47 BST 2015
.@therealitygap @screwlabour @nby83 Nearly all mobiles have cameras. That was taken on my @UK_BlackBerry As I say, an historic moment. Tue Mar 31 18:31:34 BST 2015
"@Pies_on_Chris  Coalition or Minority Mike? Honesty is the best policy" < We fight on, we fight to win! Tue Mar 31 18:25:17 BST 2015
.@therealitygap @screwlabour @nby83 Are you SERIOUS? It was an historic moment, we were all standing and cheering, it was the RIGHT thing. Tue Mar 31 18:19:32 BST 2015
â€œ@derbymc2000: @Mike_Fabricant did you think the coalition would of lasted 5 years back then?â€ < No. I thought maybe a couple of years. Tue Mar 31 18:13:14 BST 2015
â€œ@therealitygap: How could anybody be crass enough to take pics on such an occasion. Very bad form.â€ < Yes. I admit to being a bit of rough. Tue Mar 31 18:12:29 BST 2015
.@AlanTaylor2803 No. One of my best friends lives in Flore and others in Northampton. Tue Mar 31 18:10:39 BST 2015
And was the 5 years worth it? Yes! @ONS have updated growth to 2.8% today+1,000 new jobs created 800 skilled each day http://t.co/2T9lbRu98e Tue Mar 31 18:07:58 BST 2015
.No Col Sir Tufton Bufton's arguing, just cheers and tears of relief and thoughts of 'What happens now? And will it last 5 years?' It did. Tue Mar 31 18:04:06 BST 2015
.@Grandnes Gosh. What event were you at? Tue Mar 31 18:01:35 BST 2015
'Coalition' on 4oD. Brill. But this is what REALLY happened when DC explained 5 yrs ago to the Party. I took photo. http://t.co/vMkqw1iR9H Tue Mar 31 18:00:16 BST 2015
.@fifthstanza @FiveSpiresLive Mine are golden. Not sure what THAT signifies! Tue Mar 31 17:50:25 BST 2015
I hardly ever block anyone, but have just blocked some guy from Northamptonshire - a "rail consultant" pontificating about #HS2! Tue Mar 31 17:49:27 BST 2015
.@WilliamBarter1 I have no idea whether you planned the route or not. But it's your pompous remarks about the #HS2 House Committee I dislike Tue Mar 31 17:47:58 BST 2015
.@WilliamBarter1 I would suggest that grandiose tweets about rail planning invite hostility in #Lichfield for very understandable reasons. Tue Mar 31 15:39:19 BST 2015
.@FiveSpiresLive It's all correct except for my hair which won't vote for me. My hair insists on voting for the UKIP pub landlord. Tue Mar 31 13:02:02 BST 2015
.@TheFlybyMuse Please write to me in detail about this. I will help, but a tweet is not enough information to go on! Tue Mar 31 11:21:06 BST 2015
.@WilliamBarter1 The #HS2 Committee agreed. If YOU had anything to do with the route, I would keep VERY quiet. Tue Mar 31 10:47:31 BST 2015
.@WilliamBarter1 Petitioners said that the route of #HS2 through Lichfield was a disgrace and "planners/experts" should be ashamed. Tue Mar 31 10:46:25 BST 2015
@mrchrisjohn Look up Hybrid Bill Committee for yourself. Google. Tue Mar 31 10:35:46 BST 2015
.@inclusive1 They have been sitting 3 days a week, 2 sessions a day, in addition to all their other Parliamentary work. Hats off to them. Tue Mar 31 10:35:14 BST 2015
.@mrchrisjohn This Committee can. And has done. (House Committees pass changes to the law and the #HS2 Committee has additional powers). Tue Mar 31 10:33:24 BST 2015
Some of my chums on the #HS2 Committee who ordered that the line be lowered under the A38 instead of going over it http://t.co/SpiQCr4VbO Tue Mar 31 10:30:02 BST 2015
â€œ@bartdudeuk: @Mike_Fabricant I look forward to seeing it on your expenses claim.â€ < "Needed to study yoof culture" I don't think so. Tue Mar 31 10:22:24 BST 2015
.@realestatecult Yeah. Ok.  'Wasted'. Tue Mar 31 10:05:21 BST 2015
.Bracing myself for tweets about wasting time watching fantasies on TV instead of........ Tue Mar 31 10:04:33 BST 2015
I have invested Â£7 a month for NowTV which means I won't have to wait a year for the next season of Game of Thrones! Yay! Tue Mar 31 10:03:20 BST 2015
Mr @paulwaugh in his daily email refers to 'WELL, HUNG' (coalition), may I refer him to Well Strung @Wellstrungnyc http://t.co/kjyhMOJVso Tue Mar 31 08:50:48 BST 2015
.@saswans @brumbeat1983 @GuidoFawkes @MrHarryCole I was wondering too about that comment.... Tue Mar 31 08:43:55 BST 2015
.@Kevan_Higgins No. Not really. The 1922 was nothing like the scene on the stairs. DC was applauded: all the pleading never happened. Tue Mar 31 08:36:10 BST 2015
â€œ@FiveSpiresLive: Is weather reporting your new job?â€ < if someone with a name like Tomasz Schafernaker can weather forecast, I qualify too. Tue Mar 31 08:29:33 BST 2015
,@Hanpid This is really sad, can anyone help? Tue Mar 31 08:25:11 BST 2015
Very windy and very wet in #Lichfield from mid-morning until mid-afternoon. Tue Mar 31 08:23:29 BST 2015
.@jackjmatthews @OUConservatives I am sure that Jacob Rees Mogg would never have split his infinitive! ("to never trust") Mon Mar 30 21:37:48 BST 2015
BBC running 'Election Tonight' on TV and numerous similar on other TV and radio stations.
How will we all stand it for 5Â½ more weeks??? Mon Mar 30 21:34:52 BST 2015
A local message: The strawberries from the green-grocer in Bore Street are heaven (and cheap). Munching on them now. No sugar required. Mon Mar 30 20:01:39 BST 2015
.@pperrin @LichfieldLive Quite right. I agree.
I say only:  I stand by my record. 
Other ex-MPs may not wish to say that..... Mon Mar 30 19:28:10 BST 2015
.@BrianMJMcMullan @rayveysey Actually, even less. Majority of 238 in 1997.  #Lichfield Mon Mar 30 18:59:55 BST 2015
If you haven't seen it, watch "Coalition" on 4oD (now All4) originally broadcast on Saturday. It's a hoot! Mon Mar 30 18:53:37 BST 2015
â€œ@Miguelencasa:  @Classwar2015 They demean themselves. How sad that they should be so poorly educatedâ€ < They spelt 'W****R' right.... Mon Mar 30 18:50:16 BST 2015
David Cameron launched the general election campaign by saying "The next Prime Minister walking through that door will be me or Ed Miliband" Mon Mar 30 18:44:32 BST 2015
@BrianMJMcMullan @LichfieldLive THANKS!!! Mon Mar 30 18:37:41 BST 2015
â€œ@fraidofthefolly: @Mike_Fabricant So there are some immigrants the government does like?â€ < There are LOTS of immigrants I like. No probs. Mon Mar 30 18:34:24 BST 2015
.@LichfieldLive I stand on my record as MP for the constituency, BUT I take absolutely NOTHING for granted. Mon Mar 30 18:32:59 BST 2015
If you are a Brit living abroad, you should register and use your vote! Register at: http://t.co/mPcyZ40WIt Mon Mar 30 15:10:23 BST 2015
.@NapoleonSMill I would from British Overseas Territories, but not from Spain or California where many Brits live. Mon Mar 30 14:34:24 BST 2015
.@DC_Cartwright @Classwar2015 Unless, of course, it's all one big p**s take by them. I am not sure. Mon Mar 30 14:33:17 BST 2015
How I did on Twitter this week: 21 New Followers, 756 Mentions, 304K Mention Reach. How'd your week go? via http://t.co/lLldYMXTRg Mon Mar 30 13:56:48 BST 2015
.@lichfieldbaker @LichfieldLive @Classwar2015 Talking of which, here are Class War campaigning in Margate. http://t.co/I66iHLMI5P Mon Mar 30 13:51:03 BST 2015
.@LichfieldLive @Classwar2015 I remember 1 campaign where the candidate was ill. He won with huge swing. Maybe I SHOULD go on hols...... Mon Mar 30 13:45:13 BST 2015
If you are a Brit living abroad, you should register and use your vote! Register here: http://t.co/mPcyZ40WIt Mon Mar 30 13:41:39 BST 2015
Royal Standard hoisted above Buckingham Palace & DC now being driven to inform HM Queen about #GE2015  (Tho' I guess she might know already) Mon Mar 30 11:52:45 BST 2015
â€œ@Outlaw_Mac: Ty, you may have just swung my vote from UKIP to Conservative....!!!â€ < I will inform DC. We will have to take this policy up! Mon Mar 30 11:41:30 BST 2015
.@Outlaw_Mac @DeanMThomson What a sound outlook to life. Admirable. Mon Mar 30 11:33:11 BST 2015
.@DeanMThomson Spot on. And different polling companies use different techniques attempting to compensate for Cons and L-Ds not revealing. Mon Mar 30 11:32:03 BST 2015
Watching EdM press conference. Not sure that enthusiastic clapping from about 5 people helps his case. Mon Mar 30 11:24:21 BST 2015
After a weekend poll showing Labour 4% ahead, another poll has today put Cons 4% ahead. Jeez. Roller coaster.
Only important poll: May 7th Mon Mar 30 11:23:19 BST 2015
SHOCK HORROR! No sooner has Parliament been dissolved than Downing St goes feral. Video of fox chasing duck up D St. http://t.co/qK0Et8oVKS Mon Mar 30 11:10:12 BST 2015
.@JamesWaldron11 I'm lucky having an unusual French surname. Never felt the need to add 'MP' to either my twitter or Facebook @GuidoFawkes Mon Mar 30 11:04:28 BST 2015
With 2 days to go, Iran nuclear arms negotiations are failing as Iran backs away from removing weapons grade stocks http://t.co/lRcEPJVwrq Mon Mar 30 11:03:12 BST 2015
.@CcibChris @Cornishview Demagogues court popularity regardless of truth. A similarity between Salmond, Farage &Galloway though diff beliefs Mon Mar 30 10:27:19 BST 2015
David Cameron meets the Queen today following the Dissolution of Her Parliament. Here's the Daily Telegraph's take... http://t.co/0v6brwMnoe Mon Mar 30 09:55:48 BST 2015
.@poet_peoples It's a moot point. The description should make it clear that the tweeter is no longer an MP. Many think that's ok legally. Mon Mar 30 09:39:34 BST 2015
Alex Salmond has demanded control over the BBC in Scotland to be transferred to Edinburgh so political coverage can be better for the SNP Mon Mar 30 09:37:12 BST 2015
I've changed my twitter photo (again) and my description no longer says 'MP' but "Candidate dude (Conservative) for Lichfield." Mon Mar 30 09:10:12 BST 2015
.@JamesFInman We use non-HoC notepaper and I only put 'MP' on my signature if I am signing an autograph book! Mon Mar 30 09:08:08 BST 2015
.@audioexpression Yes. As constituency work still continues. (Around 400 communications a week). Mon Mar 30 09:05:12 BST 2015
.@CrippledFox Expenses continue as work for constituents carries on regardless. But you need to get up to date. IPSA changed rules in 2010 Mon Mar 30 09:02:33 BST 2015
Parliament was dissolved at 00:01 this morning.
No Parliament, no MPs. Mon Mar 30 00:05:11 BST 2015
Alexander Cobb who plays Ian McLeod in Indian Summers. Stick on a pair of glasses and he's a young Michael Gove. http://t.co/xUy1g0wUWR Sun Mar 29 23:45:11 BST 2015
Has anyone noticed the resemblance between the character Ian McLeod (played by Alexander Cobb) in Indian Summers and a young Michael Gove? Sun Mar 29 22:04:54 BST 2015
.@vercingeterix23 @No_Supermarket @100pcLondoner I think it's staff at the House of Commons who lose. Sun Mar 29 21:51:23 BST 2015
.@No_Supermarket @100pcLondoner It's his behaviour in the Chamber & behind the scenes that is wrong. But yes he has empowered the House=good Sun Mar 29 21:44:00 BST 2015
Good to be in #LichVegas on a Sunday night. Normally I'd have to be in London. Celebrating by watching Indian Summers + microwaved Madras Sun Mar 29 21:02:58 BST 2015
.@FiveSpiresLive @100pcLondoner Yes. It's bit like when the Reichstag burned down in 1933. They had a Government and no Parliament then. Sun Mar 29 20:50:40 BST 2015
.@AllSeeinOracle @Doctorwhizz @GameOfThrones @mickeybyrnebmw1 Be prepared to be shocked.
I don't own a Blu-ray player.  Only DVD. Sun Mar 29 19:29:33 BST 2015
"@No_Supermarket @100pcLondoner You're not a bad bloke. Question is do I buy you a coffee or a beer." < A glass of Rioja Sun Mar 29 18:47:03 BST 2015
@No_Supermarket @100pcLondoner You ARE Mr #Bercow!! Sun Mar 29 18:33:33 BST 2015
@m_plewes @Doctorwhizz @GameOfThrones @mickeybyrnebmw1 HOW? Sun Mar 29 17:22:21 BST 2015
â€œ@Doctorwhizz: Two weeks till @GameOfThrones @mickeybyrnebmw1 @Mike_Fabricantâ€ < I don't have Sky. Have to wait a year for DVDs box set! Sun Mar 29 17:17:40 BST 2015
.@No_Supermarket @100pcLondoner Bully BUSTER. I expose ppl who bully those who can't answer back whether Clerks or police officers. Sun Mar 29 17:16:59 BST 2015
.@100pcLondoner Just changed it to 'Candidate dude'. Sun Mar 29 17:02:57 BST 2015
.@100pcLondoner I was going to do it later on today, but I might as well now..... Sun Mar 29 17:00:16 BST 2015
@twitchingphil I spelt it wrongly.  Gympie.  (Same pronunciation). Sun Mar 29 15:53:38 BST 2015
"@oliverjsmith Gympie, surely" < Yes!  You are right.  Thanks. Sun Mar 29 15:52:52 BST 2015
It's a small world. An Ozzie friend living in Gimpy in Queensland has just seen me on 'Inside the Commons' on the ABC. #Anglosphere Sun Mar 29 15:21:00 BST 2015
.@fraserevans @Miguelencasa @brentfordjohnny By framing it as a "Pact", it got widespread publicity which is what it needed. Sun Mar 29 14:16:43 BST 2015
.@fraserevans @Miguelencasa @brentfordjohnny The Pact was published to show the  #UKIP threat had to be taken seriously - not for a pact. Sun Mar 29 14:15:32 BST 2015
.@StraightBat1 I RT'd that 'cos it did make me laugh. Sun Mar 29 14:03:05 BST 2015
Thanks to Mabel's Restaurant at Curborough for tea and cakes at half way stop on walk. Lemon drizzle cake sustained me through the wind+hail Sun Mar 29 13:58:59 BST 2015
I can reveal that I am currently tweeting with no trousers on. Jeans are soaked through & am drying my money on a radiator. Hair looks scary Sun Mar 29 13:57:25 BST 2015
Just finished a 10 mile Darwin Walk round #Lichfield countryside. Totally p***ed on by rain + hail on last leg (not by electorate). #soaked Sun Mar 29 13:54:46 BST 2015
That is a DEFINITE morning TWANK!  â€œ@Don_Macanudo: @Mike_Fabricant If I could, I'd vote for you.â€ Sun Mar 29 09:05:12 BST 2015
@1Dev Do you think so? I thought I just looked relaxed and casual.... Sun Mar 29 09:04:18 BST 2015
Yes! I haven't had a morning TWANK! in a while.
TWANK! â€œ@The_Drawback: @Mike_Fabricant Surely you're indescribable?  *morning twank*â€ Sun Mar 29 09:03:23 BST 2015
.@GristoMill Talking of which, I will be signing a confidentiality form as I spend a day at a busy GP practice in #Lichfield to see 4 myself Sun Mar 29 09:02:00 BST 2015
.The photo was taken at Whittington Cricket Club a couple of years back. Sun Mar 29 08:51:41 BST 2015
I have decided to be very 'bold'. My main photo in my election literature is no jacket, no tie. Using this. http://t.co/wv7DbDAFFO Sun Mar 29 08:50:49 BST 2015
The arrogance of the boss of Lufthansa is mind boggling. "No need to change any recruitment or other procedures..." http://t.co/5hQtXF5y9X Sun Mar 29 08:47:16 BST 2015
This is the Spectator's cartoon based on the Conservative poster of 1997. I hope the Cons Party are NOT using it! http://t.co/FJ10IMQZRH Sun Mar 29 08:38:26 BST 2015
Later today I'll change my Twitter description. At 00:01 Monday morning, Parliament is dissolved and there are no more MPs just candidates. Sun Mar 29 08:35:20 BST 2015
If you are going on the Sheriff's Walk, better wear your rain gear. British Summer Time has begun so the last few sunny days have ended. Sun Mar 29 08:32:22 BST 2015
Bunker's Hill Car Park in Beacon Park #Lichfield for Annual Sheriff's Walk at 9.45 for 10am. I'll be there. (We are now on BST, 1hr forward) Sun Mar 29 08:14:44 BST 2015
.@Run4demHills @fifthstanza Thanks. But not necessary until 00.01 Monday morning. Sat Mar 28 12:33:28 GMT 2015
.@fifthstanza You may wish to question the #UKIP candidate. I believe their manifesto has a line on rural smells. Sat Mar 28 12:29:58 GMT 2015
.You may wish to question the #UKIP candidate. I believe their manifesto has a line on rural smells. Sat Mar 28 12:28:52 GMT 2015
.@alooparathas @SpectatorSimon @bbqbobs @VoteNoTrident As long as no-one found out! Fri Mar 27 22:23:20 GMT 2015
.@SpectatorSimon @bbqbobs @VoteNoTrident If you have a good point to make there is no need to be insulting.(Only if you have a stupid point) Fri Mar 27 22:16:18 GMT 2015
After London, there is a noticeable 'farm smell' hanging over the whole of #Lichfield this England. Pig swill?
It be very rural up here. Fri Mar 27 22:11:31 GMT 2015
I'm on the Sheriff's Walk on Sunday morning. Looks as if it's going to be very windy! Fri Mar 27 18:28:49 GMT 2015
.@bbqbobs @VoteNoTrident With Russia threatening Eastern European countries, it would be short-sighted to abandon our deterrent. Fri Mar 27 18:26:53 GMT 2015
.@TJ69B Probably not now.  But who knows..... Fri Mar 27 18:22:17 GMT 2015
.@VoteNoTrident I will keep our nuclear deterrent. Fri Mar 27 18:19:35 GMT 2015
@tonywood50 I'm a highly marginal constituency Fri Mar 27 18:18:18 GMT 2015
â€œ@Fantomas236:  watched your contribution to yesterday's debate...what a slimy toad you are.â€ < Thank you for your generosity of spirit. Fri Mar 27 18:12:54 GMT 2015
Details of Cathedral grants. @LichfieldCath get largest tranche. http://t.co/PiR2ohC3sJ Fri Mar 27 18:09:30 GMT 2015
.@LichfieldCath receives largest grant of Â£800,000 for urgent repair works from Government alongside 54 other Anglican and Catholic Caths. Fri Mar 27 18:07:52 GMT 2015
â€œ@nheath555: @Mike_Fabricant what use is a sword in an aeroplane?â€ < Close air to air combat?? Fri Mar 27 10:58:42 GMT 2015
.This guy, @SavageNation, is a US radio talk show host. Top Gear is a popular show Stateside. Fri Mar 27 10:56:27 GMT 2015
A friend of mine's daughter is in this photo taken yesterday.  Don't they look Fab! http://t.co/wUueuFYrIM Fri Mar 27 10:53:23 GMT 2015
ICM Poll says Cameron won yesterday's 'debate' over EdM 54% to 46%. But did anyone bother to watch it? Fri Mar 27 08:20:19 GMT 2015
.@Dayvdee @GuidoFawkes Labour MPs had no choice. It was a three line whip for them. It was a free vote for Cons and Lib-Dems.  47-53% split. Fri Mar 27 08:11:53 GMT 2015
.@NickMillward #Lichfield IS very pretty. We are north east of Birmingham in the countryside of Staffordshire. Fri Mar 27 08:09:30 GMT 2015
@mrchrisjohn I think the French prosecutor takes the view that it was deliberate because the cockpit door had been locked from the inside. Fri Mar 27 08:07:50 GMT 2015
Yesterday's secret ballot vote was only undertaken on the last day because the Lib-Dems had been blocking it up until Tuesday. Fri Mar 27 08:01:41 GMT 2015
I feel desperately sorry for the parents of the Germanwings co-pilot who crashed the plane as well as the relatives & friends of the victims Fri Mar 27 07:58:40 GMT 2015
These are the tactics employed by the Speaker + Labour yesterday. Was a free vote for Cons. Most divisive Spkr ever. http://t.co/ds2grvHaNc Fri Mar 27 07:55:45 GMT 2015
.@JHallHDI Until 00.01 Monday morning we remain MPs. Then I change my Twitter etc description & use a blue pen. Fri Mar 27 07:42:00 GMT 2015
What is revealing is the clerks & other staff who are disappointed with the result. It is a reflection of the lack of loyalty he inspires. Thu Mar 26 14:39:01 GMT 2015
.@No_Supermarket @HouseofCommons Tell THAT to the people who work for him..... Thu Mar 26 14:27:58 GMT 2015
.@tomskinoid @HouseofCommons  COWARDICE. Thu Mar 26 14:27:20 GMT 2015
.@flecturo On legislation, but not on internal appointments. That is why we already have secret ballots for Chairman and new Speakers. Thu Mar 26 14:26:26 GMT 2015
.@Lokster71 On legislation, but not on internal appointments. That is why we already have secret ballots for Chairman and new Speakers. Thu Mar 26 14:24:58 GMT 2015
#Bercow saved by Labour Whips. (Cons on a free vote). Possibly now the most Party-Political and divisive Speaker ever in @HouseofCommons? Thu Mar 26 14:23:41 GMT 2015
I have left the Chamber.  Some of the self righteous rubbish being spouted has disgusted me.
Why oppose "secret ballots" for heaven's sake? Thu Mar 26 12:59:14 GMT 2015
.@StuartLong01 @paulwaugh @jreedmp No. It is not for me to question any Speaker on his rulings in the Chamber.
Even when they're wrong! Thu Mar 26 12:57:32 GMT 2015
.@paulwaugh Erskine May says that the use of 'cowardly' re another MP is totally unacceptable. But #Bercow does nowt. @jreedmp Thu Mar 26 12:50:47 GMT 2015
New York Times reports that the Germanwings co-pilot deliberately crashed the Airbus A320 and locked out the pilot. http://t.co/RuKcm2GFfQ Thu Mar 26 12:46:21 GMT 2015
.@Grandnes I don't like anyone who bullies people who can't answer back. And NO! I have no desire to be Speaker. I like talking too much! Thu Mar 26 10:29:10 GMT 2015
Interesting tactic. 3 urgent questions chosen by Speaker today which will delay vote on secret ballot for a sitting Speaker. Thu Mar 26 10:17:43 GMT 2015
New York Times has scoop: GermanwingsÂ Pilot Was Locked Out of Cockpit Before Crash in France? http://t.co/9tihK0MfFu Thu Mar 26 09:00:08 GMT 2015
MPs and selection of Speaker are both elected in a secret ballot. Only the reappointment of a sitting Speaker is an open vote. #undemocratic Thu Mar 26 08:49:26 GMT 2015
.@pinkandtweed I agree. TV debates are an entertainment not a positive contribution to political debate. (Though I prefer Family Guy). Thu Mar 26 08:27:47 GMT 2015
â€œ@frank_corr: @Mike_Fabricant why don't you like him?â€ But he has been good in calling the Government to account & getting through questions Thu Mar 26 08:20:07 GMT 2015
â€œ@frank_corr: @Mike_Fabricant why don't you like him?â€ < His need to belittle MPs when reprimanding them. And his temper behind the scenes. Thu Mar 26 08:18:04 GMT 2015
@gwak52 Is Better call Saul any good? Thu Mar 26 08:16:56 GMT 2015
.@CheshireTory And thank you for the glass of Rioja! Thu Mar 26 07:33:58 GMT 2015
We have secret ballots when selecting MPs. Why not Speakers? We do actually. The only exception is re-appointing an existing Speaker. Thu Mar 26 07:33:03 GMT 2015
.@geedeeaitch "Yawns" may well be right. I don't think the majority of people are thinking of GE2015 until after Easter if not final 10 days Thu Mar 26 07:30:44 GMT 2015
The Battle for No10 tonight: 9pm Ch4 and Sky News. (The Times) http://t.co/P7rmfBBL8I Thu Mar 26 06:20:46 GMT 2015
.@AllanSkerratt You know what? I don't hate anyone. It uses up too much energy. Wed Mar 25 21:25:11 GMT 2015
TWANK! I think....  â€œ@CheshireTory: Good chat with @Mike_Fabricant tonight - sound MP who deserves a bigger majority this year!â€ Wed Mar 25 21:23:59 GMT 2015
XX,Mike_Fabricant,Michael Fabricant,515,38,9
